Component: ARM Compiler 5.06 update 6 (build 750) Tool: armlink [4d35ed]

==============================================================================

Section Cross References

    main.o(i.All_Init) refers to port_init.o(i.PortF_init) for PortF_init
    main.o(i.All_Init) refers to port_init.o(i.PortA_init) for PortA_init
    main.o(i.All_Init) refers to port_init.o(i.PortB_init) for PortB_init
    main.o(i.All_Init) refers to port_init.o(i.PortD_init) for PortD_init
    main.o(i.All_Init) refers to port_init.o(i.PortE_init) for PortE_init
    main.o(i.All_Init) refers to pll.o(i.PLL_Init) for PLL_Init
    main.o(i.All_Init) refers to pll.o(i.SysTick_Init) for SysTick_Init
    main.o(i.All_Init) refers to uart.o(i.UART_Init) for UART_Init
    main.o(i.All_Init) refers to lcd_setup.o(i.lcd_Init) for lcd_Init
    main.o(i.All_Init) refers to keypad.o(i.Keypad_Init) for Keypad_Init
    main.o(i.All_Init) refers to calculations.o(i.Calc_Init) for Calc_Init
    main.o(i.All_Init) refers to pin.o(i.EEPROM_Init) for EEPROM_Init
    main.o(i.All_Init) refers to pin.o(i.PIN_Init) for PIN_Init
    main.o(i.Keypad_Test) refers to lcd_setup.o(i.lcdClearScreen) for lcdClearScreen
    main.o(i.Keypad_Test) refers to lcd_setup.o(i.lcdGoto) for lcdGoto
    main.o(i.Keypad_Test) refers to lcd_setup.o(i.lcdWriteString) for lcdWriteString
    main.o(i.Keypad_Test) refers to printfa.o(i.__0printf) for __2printf
    main.o(i.Keypad_Test) refers to keypad.o(i.readKeypad) for readKeypad
    main.o(i.Keypad_Test) refers to pll.o(i.SysTick_Wait_1us) for SysTick_Wait_1us
    main.o(i.LCD_Test) refers to lcd_setup.o(i.lcdClearScreen) for lcdClearScreen
    main.o(i.LCD_Test) refers to lcd_setup.o(i.lcdGoto) for lcdGoto
    main.o(i.LCD_Test) refers to lcd_setup.o(i.lcdWriteString) for lcdWriteString
    main.o(i.LCD_Test) refers to printfa.o(i.__0printf) for __2printf
    main.o(i.LCD_Test) refers to keypad.o(i.readKeypad) for readKeypad
    main.o(i.LCD_Test) refers to pll.o(i.SysTick_Wait_1us) for SysTick_Wait_1us
    main.o(i.LCD_Test) refers to main.o(.conststring) for .conststring
    main.o(i.PIN_Test) refers to lcd_setup.o(i.lcdClearScreen) for lcdClearScreen
    main.o(i.PIN_Test) refers to lcd_setup.o(i.lcdGoto) for lcdGoto
    main.o(i.PIN_Test) refers to pin.o(i.EEPROM_READ) for EEPROM_READ
    main.o(i.PIN_Test) refers to lcd_setup.o(i.lcdWriteString) for lcdWriteString
    main.o(i.PIN_Test) refers to printfa.o(i.__0printf) for __2printf
    main.o(i.PIN_Test) refers to pin.o(i.EEPROM_WRITE) for EEPROM_WRITE
    main.o(i.PIN_Test) refers to pll.o(i.SysTick_Wait_1us) for SysTick_Wait_1us
    main.o(i.Testing) refers to main.o(i.run_all_tests) for run_all_tests
    main.o(i.Testing) refers to lcd_setup.o(i.lcdClearScreen) for lcdClearScreen
    main.o(i.Testing) refers to lcd_setup.o(i.lcdGoto) for lcdGoto
    main.o(i.Testing) refers to printfa.o(i.__0printf) for __2printf
    main.o(i.Testing) refers to lcd_setup.o(i.lcdWriteString) for lcdWriteString
    main.o(i.Testing) refers to printfa.o(i.__0sprintf) for __2sprintf
    main.o(i.Testing) refers to pll.o(i.SysTick_Wait_1us) for SysTick_Wait_1us
    main.o(i.main) refers to main.o(i.All_Init) for All_Init
    main.o(i.main) refers to main.o(i.Testing) for Testing
    main.o(i.main) refers to lcd_setup.o(i.lcdLoadCustomCharacters) for lcdLoadCustomCharacters
    main.o(i.main) refers to pin.o(i.Request_PIN) for Request_PIN
    main.o(i.main) refers to animations.o(i.Loading_Screen_Animated) for Loading_Screen_Animated
    main.o(i.main) refers to calculations.o(i.Calculations) for Calculations
    main.o(i.run_all_tests) refers to printfa.o(i.__0printf) for __2printf
    main.o(i.run_all_tests) refers to main.o(i.Keypad_Test) for Keypad_Test
    main.o(i.run_all_tests) refers to main.o(i.LCD_Test) for LCD_Test
    main.o(i.run_all_tests) refers to main.o(i.PIN_Test) for PIN_Test
    pll.o(i.SysTick_Wait_1us) refers to pll.o(i.SysTick_Wait) for SysTick_Wait
    pll.o(i.SysTick_Wait_50ns) refers to pll.o(i.SysTick_Wait) for SysTick_Wait
    lcd_setup.o(i.lcdClearScreen) refers to lcd_setup.o(i.lcdWriteCommand) for lcdWriteCommand
    lcd_setup.o(i.lcdENpulse) refers to pll.o(i.SysTick_Wait_50ns) for SysTick_Wait_50ns
    lcd_setup.o(i.lcdGoto) refers to lcd_setup.o(i.lcdWriteCommand) for lcdWriteCommand
    lcd_setup.o(i.lcdLoadCustomCharacters) refers to memcpya.o(.text) for __aeabi_memcpy4
    lcd_setup.o(i.lcdLoadCustomCharacters) refers to lcd_setup.o(i.lcdWriteCommand) for lcdWriteCommand
    lcd_setup.o(i.lcdLoadCustomCharacters) refers to lcd_setup.o(i.lcdWriteChar) for lcdWriteChar
    lcd_setup.o(i.lcdLoadCustomCharacters) refers to lcd_setup.o(.constdata) for .constdata
    lcd_setup.o(i.lcdWriteChar) refers to lcd_setup.o(i.lcdENpulse) for lcdENpulse
    lcd_setup.o(i.lcdWriteChar) refers to pll.o(i.SysTick_Wait_50ns) for SysTick_Wait_50ns
    lcd_setup.o(i.lcdWriteChar) refers to lcd_setup.o(.data) for uppernibble3
    lcd_setup.o(i.lcdWriteCommand) refers to lcd_setup.o(i.lcdENpulse) for lcdENpulse
    lcd_setup.o(i.lcdWriteCommand) refers to pll.o(i.SysTick_Wait_1us) for SysTick_Wait_1us
    lcd_setup.o(i.lcdWriteCommand) refers to lcd_setup.o(.data) for uppernibble
    lcd_setup.o(i.lcdWriteHalfCommand) refers to lcd_setup.o(i.lcdENpulse) for lcdENpulse
    lcd_setup.o(i.lcdWriteHalfCommand) refers to pll.o(i.SysTick_Wait_1us) for SysTick_Wait_1us
    lcd_setup.o(i.lcdWriteHalfCommand) refers to lcd_setup.o(.data) for uppernibble2
    lcd_setup.o(i.lcdWriteString) refers to lcd_setup.o(i.lcdWriteChar) for lcdWriteChar
    lcd_setup.o(i.lcd_Init) refers to pll.o(i.SysTick_Wait_1us) for SysTick_Wait_1us
    lcd_setup.o(i.lcd_Init) refers to lcd_setup.o(i.lcdWriteHalfCommand) for lcdWriteHalfCommand
    lcd_setup.o(i.lcd_Init) refers to lcd_setup.o(i.lcdWriteCommand) for lcdWriteCommand
    uart.o(i.fgetc) refers to uart.o(i.UART_InChar) for UART_InChar
    uart.o(i.fgetc) refers to uart.o(i.UART_OutChar) for UART_OutChar
    uart.o(i.fputc) refers to uart.o(i.UART_OutChar) for UART_OutChar
    keypad.o(i.Keypad_Init) refers to keypad.o(.data) for Answer
    keypad.o(i.ReadValue) refers to keypad.o(.data) for Answer
    keypad.o(i.ResetAnswer) refers to keypad.o(.data) for Answer
    keypad.o(i.readKeypad) refers to printfa.o(i.__0printf) for __2printf
    keypad.o(i.readKeypad) refers to lcd_setup.o(i.lcdWriteChar) for lcdWriteChar
    keypad.o(i.readKeypad) refers to keypad.o(i.ReadValue) for ReadValue
    keypad.o(i.readKeypad) refers to pll.o(i.SysTick_Wait_1us) for SysTick_Wait_1us
    keypad.o(i.readKeypad) refers to keypad.o(.data) for Answer
    calculations.o(i.Calc_Init) refers to calculations.o(.data) for input2
    calculations.o(i.Calculations) refers to printfa.o(i.__0printf) for __2printf
    calculations.o(i.Calculations) refers to calculations.o(i.Get_Value) for Get_Value
    calculations.o(i.Calculations) refers to cdcmple.o(.text) for __aeabi_cdcmpeq
    calculations.o(i.Calculations) refers to lcd_setup.o(i.lcdClearScreen) for lcdClearScreen
    calculations.o(i.Calculations) refers to lcd_setup.o(i.lcdWriteString) for lcdWriteString
    calculations.o(i.Calculations) refers to lcd_setup.o(i.lcdWriteCommand) for lcdWriteCommand
    calculations.o(i.Calculations) refers to pll.o(i.SysTick_Wait_1us) for SysTick_Wait_1us
    calculations.o(i.Calculations) refers to calculations.o(i.Reset_Calc) for Reset_Calc
    calculations.o(i.Calculations) refers to dmul.o(.text) for __aeabi_dmul
    calculations.o(i.Calculations) refers to calculations.o(.data) for input2
    calculations.o(i.Calculations) refers to calculations.o(.bss) for SumArray
    calculations.o(i.Calculations) refers to ddiv.o(.text) for __aeabi_ddiv
    calculations.o(i.Calculations) refers to dadd.o(.text) for __aeabi_dadd
    calculations.o(i.Calculations) refers to printfa.o(i.__0sprintf) for __2sprintf
    calculations.o(i.Get_Value) refers to keypad.o(i.readKeypad) for readKeypad
    calculations.o(i.Get_Value) refers to cdcmple.o(.text) for __aeabi_cdcmpeq
    calculations.o(i.Get_Value) refers to dfltui.o(.text) for __aeabi_ui2d
    calculations.o(i.Get_Value) refers to dadd.o(.text) for __aeabi_dadd
    calculations.o(i.Get_Value) refers to dmul.o(.text) for __aeabi_dmul
    calculations.o(i.Get_Value) refers to printfa.o(i.__0printf) for __2printf
    calculations.o(i.Get_Value) refers to calculations.o(.data) for input2
    calculations.o(i.Reset_Calc) refers to lcd_setup.o(i.lcdClearScreen) for lcdClearScreen
    calculations.o(i.Reset_Calc) refers to calculations.o(.data) for F_Value
    calculations.o(i.Reset_Calc) refers to calculations.o(.bss) for SumArray
    pin.o(i.EEPROM_Done_Check) refers to printfa.o(i.__0printf) for __2printf
    pin.o(i.EEPROM_Done_Check) refers to pin.o(.data) for eedone
    pin.o(i.EEPROM_Init) refers to pll.o(i.SysTick_Wait_1us) for SysTick_Wait_1us
    pin.o(i.EEPROM_Init) refers to pin.o(i.EEPROM_Done_Check) for EEPROM_Done_Check
    pin.o(i.EEPROM_Init) refers to pin.o(.data) for eesupp
    pin.o(i.EEPROM_READ) refers to printfa.o(i.__0printf) for __2printf
    pin.o(i.EEPROM_WRITE) refers to printfa.o(i.__0printf) for __2printf
    pin.o(i.EEPROM_WRITE) refers to pin.o(i.EEPROM_Done_Check) for EEPROM_Done_Check
    pin.o(i.PIN_Change) refers to lcd_setup.o(i.lcdWriteCommand) for lcdWriteCommand
    pin.o(i.PIN_Change) refers to lcd_setup.o(i.lcdWriteString) for lcdWriteString
    pin.o(i.PIN_Change) refers to keypad.o(i.readKeypad) for readKeypad
    pin.o(i.PIN_Change) refers to lcd_setup.o(i.lcdClearScreen) for lcdClearScreen
    pin.o(i.PIN_Change) refers to lcd_setup.o(i.lcdWriteChar) for lcdWriteChar
    pin.o(i.PIN_Change) refers to printfa.o(i.__0sprintf) for __2sprintf
    pin.o(i.PIN_Change) refers to pin.o(i.EEPROM_WRITE) for EEPROM_WRITE
    pin.o(i.PIN_Change) refers to keypad.o(i.ResetAnswer) for ResetAnswer
    pin.o(i.PIN_Change) refers to pin.o(i.EEPROM_READ) for EEPROM_READ
    pin.o(i.PIN_Change) refers to printfa.o(i.__0printf) for __2printf
    pin.o(i.PIN_Change) refers to lcd_setup.o(i.lcdGoto) for lcdGoto
    pin.o(i.PIN_Change) refers to pll.o(i.SysTick_Wait_1us) for SysTick_Wait_1us
    pin.o(i.PIN_Change) refers to keypad.o(.data) for Answer
    pin.o(i.PIN_Change) refers to pin.o(.data) for PIN
    pin.o(i.PIN_Init) refers to pin.o(i.EEPROM_READ) for EEPROM_READ
    pin.o(i.PIN_Init) refers to printfa.o(i.__0printf) for __2printf
    pin.o(i.PIN_Init) refers to lcd_setup.o(i.lcdWriteCommand) for lcdWriteCommand
    pin.o(i.PIN_Init) refers to pin.o(.data) for ExpectedPIN
    pin.o(i.Request_PIN) refers to lcd_setup.o(i.lcdClearScreen) for lcdClearScreen
    pin.o(i.Request_PIN) refers to lcd_setup.o(i.lcdWriteCommand) for lcdWriteCommand
    pin.o(i.Request_PIN) refers to lcd_setup.o(i.lcdWriteString) for lcdWriteString
    pin.o(i.Request_PIN) refers to lcd_setup.o(i.lcdWriteChar) for lcdWriteChar
    pin.o(i.Request_PIN) refers to keypad.o(i.ResetAnswer) for ResetAnswer
    pin.o(i.Request_PIN) refers to keypad.o(i.readKeypad) for readKeypad
    pin.o(i.Request_PIN) refers to pll.o(i.SysTick_Wait_1us) for SysTick_Wait_1us
    pin.o(i.Request_PIN) refers to pin.o(i.PIN_Change) for PIN_Change
    pin.o(i.Request_PIN) refers to keypad.o(.data) for Answer
    pin.o(i.Request_PIN) refers to pin.o(.data) for PIN
    animations.o(i.Loading_Screen) refers to lcd_setup.o(i.lcdWriteCommand) for lcdWriteCommand
    animations.o(i.Loading_Screen) refers to lcd_setup.o(i.lcdWriteString) for lcdWriteString
    animations.o(i.Loading_Screen) refers to pll.o(i.SysTick_Wait_1us) for SysTick_Wait_1us
    animations.o(i.Loading_Screen) refers to lcd_setup.o(i.lcdClearScreen) for lcdClearScreen
    animations.o(i.Loading_Screen2) refers to lcd_setup.o(i.lcdWriteCommand) for lcdWriteCommand
    animations.o(i.Loading_Screen2) refers to lcd_setup.o(i.lcdWriteString) for lcdWriteString
    animations.o(i.Loading_Screen2) refers to pll.o(i.SysTick_Wait_1us) for SysTick_Wait_1us
    animations.o(i.Loading_Screen2) refers to lcd_setup.o(i.lcdClearScreen) for lcdClearScreen
    animations.o(i.Loading_Screen_Animated) refers to lcd_setup.o(i.lcdClearScreen) for lcdClearScreen
    animations.o(i.Loading_Screen_Animated) refers to lcd_setup.o(i.lcdWriteCommand) for lcdWriteCommand
    animations.o(i.Loading_Screen_Animated) refers to lcd_setup.o(i.lcdGoto) for lcdGoto
    animations.o(i.Loading_Screen_Animated) refers to lcd_setup.o(i.lcdWriteString) for lcdWriteString
    animations.o(i.Loading_Screen_Animated) refers to lcd_setup.o(i.lcdWriteChar) for lcdWriteChar
    animations.o(i.Loading_Screen_Animated) refers to pll.o(i.SysTick_Wait_1us) for SysTick_Wait_1us
    startup_tm4c123.o(RESET) refers to startup_tm4c123.o(STACK) for __initial_sp
    startup_tm4c123.o(RESET) refers to startup_tm4c123.o(.text) for Reset_Handler
    startup_tm4c123.o(.text) refers to system_tm4c123.o(i.SystemInit) for SystemInit
    startup_tm4c123.o(.text) refers to entry.o(.ARM.Collect$$$$00000000) for __main
    system_tm4c123.o(i.SystemCoreClockUpdate) refers to system_tm4c123.o(i.getOscClk) for getOscClk
    system_tm4c123.o(i.SystemCoreClockUpdate) refers to system_tm4c123.o(.data) for SystemCoreClock
    entry.o(.ARM.Collect$$$$00000000) refers (Special) to entry10a.o(.ARM.Collect$$$$0000000D) for __rt_final_cpp
    entry.o(.ARM.Collect$$$$00000000) refers (Special) to entry11a.o(.ARM.Collect$$$$0000000F) for __rt_final_exit
    entry.o(.ARM.Collect$$$$00000000) refers (Special) to entry7b.o(.ARM.Collect$$$$00000008) for _main_clock
    entry.o(.ARM.Collect$$$$00000000) refers (Special) to entry8b.o(.ARM.Collect$$$$0000000A) for _main_cpp_init
    entry.o(.ARM.Collect$$$$00000000) refers (Special) to entry9a.o(.ARM.Collect$$$$0000000B) for _main_init
    entry.o(.ARM.Collect$$$$00000000) refers (Special) to entry5.o(.ARM.Collect$$$$00000004) for _main_scatterload
    entry.o(.ARM.Collect$$$$00000000) refers (Special) to entry2.o(.ARM.Collect$$$$00000001) for _main_stk
    printfb.o(i.__0fprintf$bare) refers to printfb.o(i._printf_core) for _printf_core
    printfb.o(i.__0fprintf$bare) refers to uart.o(i.fputc) for fputc
    printfb.o(i.__0printf$bare) refers to printfb.o(i._printf_core) for _printf_core
    printfb.o(i.__0printf$bare) refers to uart.o(i.fputc) for fputc
    printfb.o(i.__0printf$bare) refers to stdout.o(.data) for __stdout
    printfb.o(i.__0snprintf$bare) refers to printfb.o(i._printf_core) for _printf_core
    printfb.o(i.__0snprintf$bare) refers to printfb.o(i._snputc) for _snputc
    printfb.o(i.__0sprintf$bare) refers to printfb.o(i._printf_core) for _printf_core
    printfb.o(i.__0sprintf$bare) refers to printfb.o(i._sputc) for _sputc
    printfb.o(i.__0vfprintf$bare) refers to printfb.o(i._printf_core) for _printf_core
    printfb.o(i.__0vfprintf$bare) refers to uart.o(i.fputc) for fputc
    printfb.o(i.__0vprintf$bare) refers to printfb.o(i._printf_core) for _printf_core
    printfb.o(i.__0vprintf$bare) refers to uart.o(i.fputc) for fputc
    printfb.o(i.__0vprintf$bare) refers to stdout.o(.data) for __stdout
    printfb.o(i.__0vsnprintf$bare) refers to printfb.o(i._printf_core) for _printf_core
    printfb.o(i.__0vsnprintf$bare) refers to printfb.o(i._snputc) for _snputc
    printfb.o(i.__0vsprintf$bare) refers to printfb.o(i._printf_core) for _printf_core
    printfb.o(i.__0vsprintf$bare) refers to printfb.o(i._sputc) for _sputc
    printf0.o(i.__0fprintf$0) refers to printf0.o(i._printf_core) for _printf_core
    printf0.o(i.__0fprintf$0) refers to uart.o(i.fputc) for fputc
    printf0.o(i.__0printf$0) refers to printf0.o(i._printf_core) for _printf_core
    printf0.o(i.__0printf$0) refers to uart.o(i.fputc) for fputc
    printf0.o(i.__0printf$0) refers to stdout.o(.data) for __stdout
    printf0.o(i.__0snprintf$0) refers to printf0.o(i._printf_core) for _printf_core
    printf0.o(i.__0snprintf$0) refers to printf0.o(i._snputc) for _snputc
    printf0.o(i.__0sprintf$0) refers to printf0.o(i._printf_core) for _printf_core
    printf0.o(i.__0sprintf$0) refers to printf0.o(i._sputc) for _sputc
    printf0.o(i.__0vfprintf$0) refers to printf0.o(i._printf_core) for _printf_core
    printf0.o(i.__0vfprintf$0) refers to uart.o(i.fputc) for fputc
    printf0.o(i.__0vprintf$0) refers to printf0.o(i._printf_core) for _printf_core
    printf0.o(i.__0vprintf$0) refers to uart.o(i.fputc) for fputc
    printf0.o(i.__0vprintf$0) refers to stdout.o(.data) for __stdout
    printf0.o(i.__0vsnprintf$0) refers to printf0.o(i._printf_core) for _printf_core
    printf0.o(i.__0vsnprintf$0) refers to printf0.o(i._snputc) for _snputc
    printf0.o(i.__0vsprintf$0) refers to printf0.o(i._printf_core) for _printf_core
    printf0.o(i.__0vsprintf$0) refers to printf0.o(i._sputc) for _sputc
    printf1.o(i.__0fprintf$1) refers to printf1.o(i._printf_core) for _printf_core
    printf1.o(i.__0fprintf$1) refers to uart.o(i.fputc) for fputc
    printf1.o(i.__0printf$1) refers to printf1.o(i._printf_core) for _printf_core
    printf1.o(i.__0printf$1) refers to uart.o(i.fputc) for fputc
    printf1.o(i.__0printf$1) refers to stdout.o(.data) for __stdout
    printf1.o(i.__0snprintf$1) refers to printf1.o(i._printf_core) for _printf_core
    printf1.o(i.__0snprintf$1) refers to printf1.o(i._snputc) for _snputc
    printf1.o(i.__0sprintf$1) refers to printf1.o(i._printf_core) for _printf_core
    printf1.o(i.__0sprintf$1) refers to printf1.o(i._sputc) for _sputc
    printf1.o(i.__0vfprintf$1) refers to printf1.o(i._printf_core) for _printf_core
    printf1.o(i.__0vfprintf$1) refers to uart.o(i.fputc) for fputc
    printf1.o(i.__0vprintf$1) refers to printf1.o(i._printf_core) for _printf_core
    printf1.o(i.__0vprintf$1) refers to uart.o(i.fputc) for fputc
    printf1.o(i.__0vprintf$1) refers to stdout.o(.data) for __stdout
    printf1.o(i.__0vsnprintf$1) refers to printf1.o(i._printf_core) for _printf_core
    printf1.o(i.__0vsnprintf$1) refers to printf1.o(i._snputc) for _snputc
    printf1.o(i.__0vsprintf$1) refers to printf1.o(i._printf_core) for _printf_core
    printf1.o(i.__0vsprintf$1) refers to printf1.o(i._sputc) for _sputc
    printf1.o(i._printf_core) refers to uidiv.o(.text) for __aeabi_uidivmod
    printf2.o(i.__0fprintf$2) refers to printf2.o(i._printf_core) for _printf_core
    printf2.o(i.__0fprintf$2) refers to uart.o(i.fputc) for fputc
    printf2.o(i.__0printf$2) refers to printf2.o(i._printf_core) for _printf_core
    printf2.o(i.__0printf$2) refers to uart.o(i.fputc) for fputc
    printf2.o(i.__0printf$2) refers to stdout.o(.data) for __stdout
    printf2.o(i.__0snprintf$2) refers to printf2.o(i._printf_core) for _printf_core
    printf2.o(i.__0snprintf$2) refers to printf2.o(i._snputc) for _snputc
    printf2.o(i.__0sprintf$2) refers to printf2.o(i._printf_core) for _printf_core
    printf2.o(i.__0sprintf$2) refers to printf2.o(i._sputc) for _sputc
    printf2.o(i.__0vfprintf$2) refers to printf2.o(i._printf_core) for _printf_core
    printf2.o(i.__0vfprintf$2) refers to uart.o(i.fputc) for fputc
    printf2.o(i.__0vprintf$2) refers to printf2.o(i._printf_core) for _printf_core
    printf2.o(i.__0vprintf$2) refers to uart.o(i.fputc) for fputc
    printf2.o(i.__0vprintf$2) refers to stdout.o(.data) for __stdout
    printf2.o(i.__0vsnprintf$2) refers to printf2.o(i._printf_core) for _printf_core
    printf2.o(i.__0vsnprintf$2) refers to printf2.o(i._snputc) for _snputc
    printf2.o(i.__0vsprintf$2) refers to printf2.o(i._printf_core) for _printf_core
    printf2.o(i.__0vsprintf$2) refers to printf2.o(i._sputc) for _sputc
    printf3.o(i.__0fprintf$3) refers to printf3.o(i._printf_core) for _printf_core
    printf3.o(i.__0fprintf$3) refers to uart.o(i.fputc) for fputc
    printf3.o(i.__0printf$3) refers to printf3.o(i._printf_core) for _printf_core
    printf3.o(i.__0printf$3) refers to uart.o(i.fputc) for fputc
    printf3.o(i.__0printf$3) refers to stdout.o(.data) for __stdout
    printf3.o(i.__0snprintf$3) refers to printf3.o(i._printf_core) for _printf_core
    printf3.o(i.__0snprintf$3) refers to printf3.o(i._snputc) for _snputc
    printf3.o(i.__0sprintf$3) refers to printf3.o(i._printf_core) for _printf_core
    printf3.o(i.__0sprintf$3) refers to printf3.o(i._sputc) for _sputc
    printf3.o(i.__0vfprintf$3) refers to printf3.o(i._printf_core) for _printf_core
    printf3.o(i.__0vfprintf$3) refers to uart.o(i.fputc) for fputc
    printf3.o(i.__0vprintf$3) refers to printf3.o(i._printf_core) for _printf_core
    printf3.o(i.__0vprintf$3) refers to uart.o(i.fputc) for fputc
    printf3.o(i.__0vprintf$3) refers to stdout.o(.data) for __stdout
    printf3.o(i.__0vsnprintf$3) refers to printf3.o(i._printf_core) for _printf_core
    printf3.o(i.__0vsnprintf$3) refers to printf3.o(i._snputc) for _snputc
    printf3.o(i.__0vsprintf$3) refers to printf3.o(i._printf_core) for _printf_core
    printf3.o(i.__0vsprintf$3) refers to printf3.o(i._sputc) for _sputc
    printf3.o(i._printf_core) refers to uidiv.o(.text) for __aeabi_uidivmod
    printf4.o(i.__0fprintf$4) refers to printf4.o(i._printf_core) for _printf_core
    printf4.o(i.__0fprintf$4) refers to uart.o(i.fputc) for fputc
    printf4.o(i.__0printf$4) refers to printf4.o(i._printf_core) for _printf_core
    printf4.o(i.__0printf$4) refers to uart.o(i.fputc) for fputc
    printf4.o(i.__0printf$4) refers to stdout.o(.data) for __stdout
    printf4.o(i.__0snprintf$4) refers to printf4.o(i._printf_core) for _printf_core
    printf4.o(i.__0snprintf$4) refers to printf4.o(i._snputc) for _snputc
    printf4.o(i.__0sprintf$4) refers to printf4.o(i._printf_core) for _printf_core
    printf4.o(i.__0sprintf$4) refers to printf4.o(i._sputc) for _sputc
    printf4.o(i.__0vfprintf$4) refers to printf4.o(i._printf_core) for _printf_core
    printf4.o(i.__0vfprintf$4) refers to uart.o(i.fputc) for fputc
    printf4.o(i.__0vprintf$4) refers to printf4.o(i._printf_core) for _printf_core
    printf4.o(i.__0vprintf$4) refers to uart.o(i.fputc) for fputc
    printf4.o(i.__0vprintf$4) refers to stdout.o(.data) for __stdout
    printf4.o(i.__0vsnprintf$4) refers to printf4.o(i._printf_core) for _printf_core
    printf4.o(i.__0vsnprintf$4) refers to printf4.o(i._snputc) for _snputc
    printf4.o(i.__0vsprintf$4) refers to printf4.o(i._printf_core) for _printf_core
    printf4.o(i.__0vsprintf$4) refers to printf4.o(i._sputc) for _sputc
    printf4.o(i._printf_core) refers to uldiv.o(.text) for __aeabi_uldivmod
    printf5.o(i.__0fprintf$5) refers to printf5.o(i._printf_core) for _printf_core
    printf5.o(i.__0fprintf$5) refers to uart.o(i.fputc) for fputc
    printf5.o(i.__0printf$5) refers to printf5.o(i._printf_core) for _printf_core
    printf5.o(i.__0printf$5) refers to uart.o(i.fputc) for fputc
    printf5.o(i.__0printf$5) refers to stdout.o(.data) for __stdout
    printf5.o(i.__0snprintf$5) refers to printf5.o(i._printf_core) for _printf_core
    printf5.o(i.__0snprintf$5) refers to printf5.o(i._snputc) for _snputc
    printf5.o(i.__0sprintf$5) refers to printf5.o(i._printf_core) for _printf_core
    printf5.o(i.__0sprintf$5) refers to printf5.o(i._sputc) for _sputc
    printf5.o(i.__0vfprintf$5) refers to printf5.o(i._printf_core) for _printf_core
    printf5.o(i.__0vfprintf$5) refers to uart.o(i.fputc) for fputc
    printf5.o(i.__0vprintf$5) refers to printf5.o(i._printf_core) for _printf_core
    printf5.o(i.__0vprintf$5) refers to uart.o(i.fputc) for fputc
    printf5.o(i.__0vprintf$5) refers to stdout.o(.data) for __stdout
    printf5.o(i.__0vsnprintf$5) refers to printf5.o(i._printf_core) for _printf_core
    printf5.o(i.__0vsnprintf$5) refers to printf5.o(i._snputc) for _snputc
    printf5.o(i.__0vsprintf$5) refers to printf5.o(i._printf_core) for _printf_core
    printf5.o(i.__0vsprintf$5) refers to printf5.o(i._sputc) for _sputc
    printf5.o(i._printf_core) refers to uldiv.o(.text) for __aeabi_uldivmod
    printf6.o(i.__0fprintf$6) refers to printf6.o(i._printf_core) for _printf_core
    printf6.o(i.__0fprintf$6) refers to uart.o(i.fputc) for fputc
    printf6.o(i.__0printf$6) refers to printf6.o(i._printf_core) for _printf_core
    printf6.o(i.__0printf$6) refers to uart.o(i.fputc) for fputc
    printf6.o(i.__0printf$6) refers to stdout.o(.data) for __stdout
    printf6.o(i.__0snprintf$6) refers to printf6.o(i._printf_core) for _printf_core
    printf6.o(i.__0snprintf$6) refers to printf6.o(i._snputc) for _snputc
    printf6.o(i.__0sprintf$6) refers to printf6.o(i._printf_core) for _printf_core
    printf6.o(i.__0sprintf$6) refers to printf6.o(i._sputc) for _sputc
    printf6.o(i.__0vfprintf$6) refers to printf6.o(i._printf_core) for _printf_core
    printf6.o(i.__0vfprintf$6) refers to uart.o(i.fputc) for fputc
    printf6.o(i.__0vprintf$6) refers to printf6.o(i._printf_core) for _printf_core
    printf6.o(i.__0vprintf$6) refers to uart.o(i.fputc) for fputc
    printf6.o(i.__0vprintf$6) refers to stdout.o(.data) for __stdout
    printf6.o(i.__0vsnprintf$6) refers to printf6.o(i._printf_core) for _printf_core
    printf6.o(i.__0vsnprintf$6) refers to printf6.o(i._snputc) for _snputc
    printf6.o(i.__0vsprintf$6) refers to printf6.o(i._printf_core) for _printf_core
    printf6.o(i.__0vsprintf$6) refers to printf6.o(i._sputc) for _sputc
    printf6.o(i._printf_core) refers to printf6.o(i._printf_pre_padding) for _printf_pre_padding
    printf6.o(i._printf_core) refers to uidiv.o(.text) for __aeabi_uidivmod
    printf6.o(i._printf_core) refers to printf6.o(i._printf_post_padding) for _printf_post_padding
    printf7.o(i.__0fprintf$7) refers to printf7.o(i._printf_core) for _printf_core
    printf7.o(i.__0fprintf$7) refers to uart.o(i.fputc) for fputc
    printf7.o(i.__0printf$7) refers to printf7.o(i._printf_core) for _printf_core
    printf7.o(i.__0printf$7) refers to uart.o(i.fputc) for fputc
    printf7.o(i.__0printf$7) refers to stdout.o(.data) for __stdout
    printf7.o(i.__0snprintf$7) refers to printf7.o(i._printf_core) for _printf_core
    printf7.o(i.__0snprintf$7) refers to printf7.o(i._snputc) for _snputc
    printf7.o(i.__0sprintf$7) refers to printf7.o(i._printf_core) for _printf_core
    printf7.o(i.__0sprintf$7) refers to printf7.o(i._sputc) for _sputc
    printf7.o(i.__0vfprintf$7) refers to printf7.o(i._printf_core) for _printf_core
    printf7.o(i.__0vfprintf$7) refers to uart.o(i.fputc) for fputc
    printf7.o(i.__0vprintf$7) refers to printf7.o(i._printf_core) for _printf_core
    printf7.o(i.__0vprintf$7) refers to uart.o(i.fputc) for fputc
    printf7.o(i.__0vprintf$7) refers to stdout.o(.data) for __stdout
    printf7.o(i.__0vsnprintf$7) refers to printf7.o(i._printf_core) for _printf_core
    printf7.o(i.__0vsnprintf$7) refers to printf7.o(i._snputc) for _snputc
    printf7.o(i.__0vsprintf$7) refers to printf7.o(i._printf_core) for _printf_core
    printf7.o(i.__0vsprintf$7) refers to printf7.o(i._sputc) for _sputc
    printf7.o(i._printf_core) refers to printf7.o(i._printf_pre_padding) for _printf_pre_padding
    printf7.o(i._printf_core) refers to uldiv.o(.text) for __aeabi_uldivmod
    printf7.o(i._printf_core) refers to printf7.o(i._printf_post_padding) for _printf_post_padding
    printf8.o(i.__0fprintf$8) refers to printf8.o(i._printf_core) for _printf_core
    printf8.o(i.__0fprintf$8) refers to uart.o(i.fputc) for fputc
    printf8.o(i.__0printf$8) refers to printf8.o(i._printf_core) for _printf_core
    printf8.o(i.__0printf$8) refers to uart.o(i.fputc) for fputc
    printf8.o(i.__0printf$8) refers to stdout.o(.data) for __stdout
    printf8.o(i.__0snprintf$8) refers to printf8.o(i._printf_core) for _printf_core
    printf8.o(i.__0snprintf$8) refers to printf8.o(i._snputc) for _snputc
    printf8.o(i.__0sprintf$8) refers to printf8.o(i._printf_core) for _printf_core
    printf8.o(i.__0sprintf$8) refers to printf8.o(i._sputc) for _sputc
    printf8.o(i.__0vfprintf$8) refers to printf8.o(i._printf_core) for _printf_core
    printf8.o(i.__0vfprintf$8) refers to uart.o(i.fputc) for fputc
    printf8.o(i.__0vprintf$8) refers to printf8.o(i._printf_core) for _printf_core
    printf8.o(i.__0vprintf$8) refers to uart.o(i.fputc) for fputc
    printf8.o(i.__0vprintf$8) refers to stdout.o(.data) for __stdout
    printf8.o(i.__0vsnprintf$8) refers to printf8.o(i._printf_core) for _printf_core
    printf8.o(i.__0vsnprintf$8) refers to printf8.o(i._snputc) for _snputc
    printf8.o(i.__0vsprintf$8) refers to printf8.o(i._printf_core) for _printf_core
    printf8.o(i.__0vsprintf$8) refers to printf8.o(i._sputc) for _sputc
    printf8.o(i._printf_core) refers to printf8.o(i._printf_pre_padding) for _printf_pre_padding
    printf8.o(i._printf_core) refers to uldiv.o(.text) for __aeabi_uldivmod
    printf8.o(i._printf_core) refers to printf8.o(i._printf_post_padding) for _printf_post_padding
    printfa.o(i.__0fprintf) refers (Special) to iusefp.o(.text) for __I$use$fp
    printfa.o(i.__0fprintf) refers to printfa.o(i._printf_core) for _printf_core
    printfa.o(i.__0fprintf) refers to uart.o(i.fputc) for fputc
    printfa.o(i.__0printf) refers (Special) to iusefp.o(.text) for __I$use$fp
    printfa.o(i.__0printf) refers to printfa.o(i._printf_core) for _printf_core
    printfa.o(i.__0printf) refers to uart.o(i.fputc) for fputc
    printfa.o(i.__0printf) refers to stdout.o(.data) for __stdout
    printfa.o(i.__0snprintf) refers (Special) to iusefp.o(.text) for __I$use$fp
    printfa.o(i.__0snprintf) refers to printfa.o(i._printf_core) for _printf_core
    printfa.o(i.__0snprintf) refers to printfa.o(i._snputc) for _snputc
    printfa.o(i.__0sprintf) refers (Special) to iusefp.o(.text) for __I$use$fp
    printfa.o(i.__0sprintf) refers to printfa.o(i._printf_core) for _printf_core
    printfa.o(i.__0sprintf) refers to printfa.o(i._sputc) for _sputc
    printfa.o(i.__0vfprintf) refers (Special) to iusefp.o(.text) for __I$use$fp
    printfa.o(i.__0vfprintf) refers to printfa.o(i._printf_core) for _printf_core
    printfa.o(i.__0vfprintf) refers to uart.o(i.fputc) for fputc
    printfa.o(i.__0vprintf) refers (Special) to iusefp.o(.text) for __I$use$fp
    printfa.o(i.__0vprintf) refers to printfa.o(i._printf_core) for _printf_core
    printfa.o(i.__0vprintf) refers to uart.o(i.fputc) for fputc
    printfa.o(i.__0vprintf) refers to stdout.o(.data) for __stdout
    printfa.o(i.__0vsnprintf) refers (Special) to iusefp.o(.text) for __I$use$fp
    printfa.o(i.__0vsnprintf) refers to printfa.o(i._printf_core) for _printf_core
    printfa.o(i.__0vsnprintf) refers to printfa.o(i._snputc) for _snputc
    printfa.o(i.__0vsprintf) refers (Special) to iusefp.o(.text) for __I$use$fp
    printfa.o(i.__0vsprintf) refers to printfa.o(i._printf_core) for _printf_core
    printfa.o(i.__0vsprintf) refers to printfa.o(i._sputc) for _sputc
    printfa.o(i._fp_digits) refers (Special) to iusefp.o(.text) for __I$use$fp
    printfa.o(i._fp_digits) refers to dmul.o(.text) for __aeabi_dmul
    printfa.o(i._fp_digits) refers to ddiv.o(.text) for __aeabi_ddiv
    printfa.o(i._fp_digits) refers to cdrcmple.o(.text) for __aeabi_cdrcmple
    printfa.o(i._fp_digits) refers to dadd.o(.text) for __aeabi_dadd
    printfa.o(i._fp_digits) refers to dfixul.o(.text) for __aeabi_d2ulz
    printfa.o(i._fp_digits) refers to uldiv.o(.text) for __aeabi_uldivmod
    printfa.o(i._printf_core) refers (Special) to iusefp.o(.text) for __I$use$fp
    printfa.o(i._printf_core) refers to printfa.o(i._printf_pre_padding) for _printf_pre_padding
    printfa.o(i._printf_core) refers to uldiv.o(.text) for __aeabi_uldivmod
    printfa.o(i._printf_core) refers to printfa.o(i._printf_post_padding) for _printf_post_padding
    printfa.o(i._printf_core) refers to printfa.o(i._fp_digits) for _fp_digits
    printfa.o(i._printf_core) refers to uidiv.o(.text) for __aeabi_uidivmod
    printfa.o(i._printf_post_padding) refers (Special) to iusefp.o(.text) for __I$use$fp
    printfa.o(i._printf_pre_padding) refers (Special) to iusefp.o(.text) for __I$use$fp
    printfa.o(i._snputc) refers (Special) to iusefp.o(.text) for __I$use$fp
    printfa.o(i._sputc) refers (Special) to iusefp.o(.text) for __I$use$fp
    dadd.o(.text) refers (Special) to iusefp.o(.text) for __I$use$fp
    dadd.o(.text) refers to llshl.o(.text) for __aeabi_llsl
    dadd.o(.text) refers to llsshr.o(.text) for __aeabi_lasr
    dadd.o(.text) refers to depilogue.o(.text) for _double_epilogue
    dmul.o(.text) refers (Special) to iusefp.o(.text) for __I$use$fp
    dmul.o(.text) refers to depilogue.o(.text) for _double_epilogue
    ddiv.o(.text) refers (Special) to iusefp.o(.text) for __I$use$fp
    ddiv.o(.text) refers to depilogue.o(.text) for _double_round
    dfltui.o(.text) refers (Special) to iusefp.o(.text) for __I$use$fp
    dfltui.o(.text) refers to depilogue.o(.text) for _double_epilogue
    cdcmple.o(.text) refers (Special) to iusefp.o(.text) for __I$use$fp
    entry2.o(.ARM.Collect$$$$00000001) refers to entry2.o(.ARM.Collect$$$$00002712) for __lit__00000000
    entry2.o(.ARM.Collect$$$$00002712) refers to startup_tm4c123.o(STACK) for __initial_sp
    entry2.o(__vectab_stack_and_reset_area) refers to startup_tm4c123.o(STACK) for __initial_sp
    entry2.o(__vectab_stack_and_reset_area) refers to entry.o(.ARM.Collect$$$$00000000) for __main
    entry5.o(.ARM.Collect$$$$00000004) refers to init.o(.text) for __scatterload
    entry9a.o(.ARM.Collect$$$$0000000B) refers to main.o(i.main) for main
    entry9b.o(.ARM.Collect$$$$0000000C) refers to main.o(i.main) for main
    uldiv.o(.text) refers to llushr.o(.text) for __aeabi_llsr
    uldiv.o(.text) refers to llshl.o(.text) for __aeabi_llsl
    depilogue.o(.text) refers to llshl.o(.text) for __aeabi_llsl
    depilogue.o(.text) refers to llushr.o(.text) for __aeabi_llsr
    dfixul.o(.text) refers to llushr.o(.text) for __aeabi_llsr
    dfixul.o(.text) refers to llshl.o(.text) for __aeabi_llsl
    init.o(.text) refers to entry5.o(.ARM.Collect$$$$00000004) for __main_after_scatterload


==============================================================================

Removing Unused input sections from the image.

    Removing uart.o(i.UART_InChar), (28 bytes).
    Removing uart.o(i.ferror), (8 bytes).
    Removing uart.o(i.fgetc), (20 bytes).
    Removing animations.o(i.Loading_Screen), (316 bytes).
    Removing animations.o(i.Loading_Screen2), (968 bytes).
    Removing startup_tm4c123.o(HEAP), (0 bytes).
    Removing system_tm4c123.o(.rev16_text), (4 bytes).
    Removing system_tm4c123.o(.revsh_text), (4 bytes).
    Removing system_tm4c123.o(.rrx_text), (6 bytes).
    Removing system_tm4c123.o(i.SystemCoreClockUpdate), (196 bytes).
    Removing system_tm4c123.o(i.getOscClk), (244 bytes).
    Removing system_tm4c123.o(.data), (4 bytes).

12 unused section(s) (total 1798 bytes) removed from the image.

==============================================================================

Image Symbol Table

    Local Symbols

    Symbol Name                              Value     Ov Type        Size  Object(Section)

    RESET                                    0x00000000   Section      620  startup_tm4c123.o(RESET)
    ../clib/microlib/division.c              0x00000000   Number         0  uldiv.o ABSOLUTE
    ../clib/microlib/division.c              0x00000000   Number         0  uidiv.o ABSOLUTE
    ../clib/microlib/init/entry.s            0x00000000   Number         0  entry.o ABSOLUTE
    ../clib/microlib/init/entry.s            0x00000000   Number         0  entry8a.o ABSOLUTE
    ../clib/microlib/init/entry.s            0x00000000   Number         0  entry8b.o ABSOLUTE
    ../clib/microlib/init/entry.s            0x00000000   Number         0  entry9a.o ABSOLUTE
    ../clib/microlib/init/entry.s            0x00000000   Number         0  entry9b.o ABSOLUTE
    ../clib/microlib/init/entry.s            0x00000000   Number         0  entry10a.o ABSOLUTE
    ../clib/microlib/init/entry.s            0x00000000   Number         0  entry10b.o ABSOLUTE
    ../clib/microlib/init/entry.s            0x00000000   Number         0  entry11a.o ABSOLUTE
    ../clib/microlib/init/entry.s            0x00000000   Number         0  entry11b.o ABSOLUTE
    ../clib/microlib/init/entry.s            0x00000000   Number         0  entry7b.o ABSOLUTE
    ../clib/microlib/init/entry.s            0x00000000   Number         0  entry7a.o ABSOLUTE
    ../clib/microlib/init/entry.s            0x00000000   Number         0  entry5.o ABSOLUTE
    ../clib/microlib/init/entry.s            0x00000000   Number         0  entry2.o ABSOLUTE
    ../clib/microlib/longlong.c              0x00000000   Number         0  llushr.o ABSOLUTE
    ../clib/microlib/longlong.c              0x00000000   Number         0  llsshr.o ABSOLUTE
    ../clib/microlib/longlong.c              0x00000000   Number         0  llshl.o ABSOLUTE
    ../clib/microlib/printf/printf.c         0x00000000   Number         0  printf7.o ABSOLUTE
    ../clib/microlib/printf/printf.c         0x00000000   Number         0  printf6.o ABSOLUTE
    ../clib/microlib/printf/printf.c         0x00000000   Number         0  printf3.o ABSOLUTE
    ../clib/microlib/printf/printf.c         0x00000000   Number         0  printf8.o ABSOLUTE
    ../clib/microlib/printf/printf.c         0x00000000   Number         0  printf4.o ABSOLUTE
    ../clib/microlib/printf/printf.c         0x00000000   Number         0  printf5.o ABSOLUTE
    ../clib/microlib/printf/printf.c         0x00000000   Number         0  printf1.o ABSOLUTE
    ../clib/microlib/printf/printf.c         0x00000000   Number         0  printfb.o ABSOLUTE
    ../clib/microlib/printf/printf.c         0x00000000   Number         0  printf0.o ABSOLUTE
    ../clib/microlib/printf/printf.c         0x00000000   Number         0  printfa.o ABSOLUTE
    ../clib/microlib/printf/printf.c         0x00000000   Number         0  printf2.o ABSOLUTE
    ../clib/microlib/printf/stubs.s          0x00000000   Number         0  stubs.o ABSOLUTE
    ../clib/microlib/stdio/streams.c         0x00000000   Number         0  stdout.o ABSOLUTE
    ../clib/microlib/string/memcpy.c         0x00000000   Number         0  memcpya.o ABSOLUTE
    ../clib/microlib/string/memcpy.c         0x00000000   Number         0  memcpyb.o ABSOLUTE
    ../clib/microlib/stubs.s                 0x00000000   Number         0  iusefp.o ABSOLUTE
    ../fplib/microlib/fpadd.c                0x00000000   Number         0  dadd.o ABSOLUTE
    ../fplib/microlib/fpdiv.c                0x00000000   Number         0  ddiv.o ABSOLUTE
    ../fplib/microlib/fpepilogue.c           0x00000000   Number         0  depilogue.o ABSOLUTE
    ../fplib/microlib/fpfix.c                0x00000000   Number         0  dfixul.o ABSOLUTE
    ../fplib/microlib/fpflt.c                0x00000000   Number         0  dfltui.o ABSOLUTE
    ../fplib/microlib/fpmul.c                0x00000000   Number         0  dmul.o ABSOLUTE
    Animations.c                             0x00000000   Number         0  animations.o ABSOLUTE
    Calculations.c                           0x00000000   Number         0  calculations.o ABSOLUTE
    Keypad.c                                 0x00000000   Number         0  keypad.o ABSOLUTE
    LCD_Setup.c                              0x00000000   Number         0  lcd_setup.o ABSOLUTE
    PIN.c                                    0x00000000   Number         0  pin.o ABSOLUTE
    PLL.c                                    0x00000000   Number         0  pll.o ABSOLUTE
    Port_Init.c                              0x00000000   Number         0  port_init.o ABSOLUTE
    RTE\Device\TM4C123GH6PM\startup_TM4C123.s 0x00000000   Number         0  startup_tm4c123.o ABSOLUTE
    RTE\Device\TM4C123GH6PM\system_TM4C123.c 0x00000000   Number         0  system_tm4c123.o ABSOLUTE
    RTE\\Device\\TM4C123GH6PM\\system_TM4C123.c 0x00000000   Number         0  system_tm4c123.o ABSOLUTE
    UART.c                                   0x00000000   Number         0  uart.o ABSOLUTE
    cdcmple.s                                0x00000000   Number         0  cdcmple.o ABSOLUTE
    cdrcmple.s                               0x00000000   Number         0  cdrcmple.o ABSOLUTE
    dc.s                                     0x00000000   Number         0  dc.o ABSOLUTE
    handlers.s                               0x00000000   Number         0  handlers.o ABSOLUTE
    init.s                                   0x00000000   Number         0  init.o ABSOLUTE
    main.c                                   0x00000000   Number         0  main.o ABSOLUTE
    .ARM.Collect$$$$00000000                 0x0000026c   Section        0  entry.o(.ARM.Collect$$$$00000000)
    .ARM.Collect$$$$00000001                 0x0000026c   Section        4  entry2.o(.ARM.Collect$$$$00000001)
    .ARM.Collect$$$$00000004                 0x00000270   Section        4  entry5.o(.ARM.Collect$$$$00000004)
    .ARM.Collect$$$$00000008                 0x00000274   Section        0  entry7b.o(.ARM.Collect$$$$00000008)
    .ARM.Collect$$$$0000000A                 0x00000274   Section        0  entry8b.o(.ARM.Collect$$$$0000000A)
    .ARM.Collect$$$$0000000B                 0x00000274   Section        8  entry9a.o(.ARM.Collect$$$$0000000B)
    .ARM.Collect$$$$0000000D                 0x0000027c   Section        0  entry10a.o(.ARM.Collect$$$$0000000D)
    .ARM.Collect$$$$0000000F                 0x0000027c   Section        0  entry11a.o(.ARM.Collect$$$$0000000F)
    .ARM.Collect$$$$00002712                 0x0000027c   Section        4  entry2.o(.ARM.Collect$$$$00002712)
    __lit__00000000                          0x0000027c   Data           4  entry2.o(.ARM.Collect$$$$00002712)
    .text                                    0x00000280   Section      252  startup_tm4c123.o(.text)
    $v0                                      0x00000280   Number         0  startup_tm4c123.o(.text)
    .text                                    0x0000037c   Section        0  memcpya.o(.text)
    .text                                    0x000003a0   Section        0  dadd.o(.text)
    .text                                    0x000004ee   Section        0  dmul.o(.text)
    .text                                    0x000005d2   Section        0  ddiv.o(.text)
    .text                                    0x000006b0   Section        0  dfltui.o(.text)
    .text                                    0x000006cc   Section       48  cdcmple.o(.text)
    .text                                    0x000006fc   Section        0  uidiv.o(.text)
    .text                                    0x00000728   Section        0  uldiv.o(.text)
    .text                                    0x0000078a   Section        0  llshl.o(.text)
    .text                                    0x000007a8   Section        0  llsshr.o(.text)
    .text                                    0x000007cc   Section        0  iusefp.o(.text)
    .text                                    0x000007cc   Section        0  depilogue.o(.text)
    .text                                    0x00000886   Section        0  dfixul.o(.text)
    .text                                    0x000008b8   Section       48  cdrcmple.o(.text)
    .text                                    0x000008e8   Section       36  init.o(.text)
    .text                                    0x0000090c   Section        0  llushr.o(.text)
    i.All_Init                               0x0000092c   Section        0  main.o(i.All_Init)
    i.Calc_Init                              0x00000964   Section        0  calculations.o(i.Calc_Init)
    i.Calculations                           0x00000988   Section        0  calculations.o(i.Calculations)
    i.EEPROM_Done_Check                      0x0000121c   Section        0  pin.o(i.EEPROM_Done_Check)
    i.EEPROM_Init                            0x00001268   Section        0  pin.o(i.EEPROM_Init)
    i.EEPROM_READ                            0x000012f4   Section        0  pin.o(i.EEPROM_READ)
    i.EEPROM_WRITE                           0x0000131c   Section        0  pin.o(i.EEPROM_WRITE)
    i.Get_Value                              0x00001378   Section        0  calculations.o(i.Get_Value)
    i.Keypad_Init                            0x000014d4   Section        0  keypad.o(i.Keypad_Init)
    i.Keypad_Test                            0x000014e8   Section        0  main.o(i.Keypad_Test)
    i.LCD_Test                               0x00001818   Section        0  main.o(i.LCD_Test)
    i.Loading_Screen_Animated                0x00001954   Section        0  animations.o(i.Loading_Screen_Animated)
    i.PIN_Change                             0x00001a98   Section        0  pin.o(i.PIN_Change)
    i.PIN_Init                               0x00001c6c   Section        0  pin.o(i.PIN_Init)
    i.PIN_Test                               0x00001cc0   Section        0  main.o(i.PIN_Test)
    i.PLL_Init                               0x00001e58   Section        0  pll.o(i.PLL_Init)
    i.PortA_init                             0x00001ec8   Section        0  port_init.o(i.PortA_init)
    i.PortB_init                             0x00001f4c   Section        0  port_init.o(i.PortB_init)
    i.PortD_init                             0x00001fd0   Section        0  port_init.o(i.PortD_init)
    i.PortE_init                             0x00002060   Section        0  port_init.o(i.PortE_init)
    i.PortF_init                             0x000020e8   Section        0  port_init.o(i.PortF_init)
    i.ReadValue                              0x00002148   Section        0  keypad.o(i.ReadValue)
    i.Request_PIN                            0x00002198   Section        0  pin.o(i.Request_PIN)
    i.ResetAnswer                            0x00002308   Section        0  keypad.o(i.ResetAnswer)
    i.Reset_Calc                             0x0000231c   Section        0  calculations.o(i.Reset_Calc)
    i.SysTick_Init                           0x000023f0   Section        0  pll.o(i.SysTick_Init)
    i.SysTick_Wait                           0x00002408   Section        0  pll.o(i.SysTick_Wait)
    i.SysTick_Wait_1us                       0x00002426   Section        0  pll.o(i.SysTick_Wait_1us)
    i.SysTick_Wait_50ns                      0x0000243c   Section        0  pll.o(i.SysTick_Wait_50ns)
    i.SystemInit                             0x00002454   Section        0  system_tm4c123.o(i.SystemInit)
    i.Testing                                0x00002468   Section        0  main.o(i.Testing)
    i.UART_Init                              0x00002504   Section        0  uart.o(i.UART_Init)
    i.UART_OutChar                           0x00002590   Section        0  uart.o(i.UART_OutChar)
    i.__0printf                              0x000025a8   Section        0  printfa.o(i.__0printf)
    i.__0sprintf                             0x000025c8   Section        0  printfa.o(i.__0sprintf)
    i.__scatterload_copy                     0x000025f0   Section       14  handlers.o(i.__scatterload_copy)
    i.__scatterload_null                     0x000025fe   Section        2  handlers.o(i.__scatterload_null)
    i.__scatterload_zeroinit                 0x00002600   Section       14  handlers.o(i.__scatterload_zeroinit)
    i._fp_digits                             0x00002610   Section        0  printfa.o(i._fp_digits)
    _fp_digits                               0x00002611   Thumb Code   366  printfa.o(i._fp_digits)
    i._printf_core                           0x00002794   Section        0  printfa.o(i._printf_core)
    _printf_core                             0x00002795   Thumb Code  1744  printfa.o(i._printf_core)
    i._printf_post_padding                   0x00002e70   Section        0  printfa.o(i._printf_post_padding)
    _printf_post_padding                     0x00002e71   Thumb Code    36  printfa.o(i._printf_post_padding)
    i._printf_pre_padding                    0x00002e94   Section        0  printfa.o(i._printf_pre_padding)
    _printf_pre_padding                      0x00002e95   Thumb Code    46  printfa.o(i._printf_pre_padding)
    i._sputc                                 0x00002ec2   Section        0  printfa.o(i._sputc)
    _sputc                                   0x00002ec3   Thumb Code    10  printfa.o(i._sputc)
    i.fputc                                  0x00002ecc   Section        0  uart.o(i.fputc)
    i.lcdClearScreen                         0x00002ef8   Section        0  lcd_setup.o(i.lcdClearScreen)
    i.lcdENpulse                             0x00002f02   Section        0  lcd_setup.o(i.lcdENpulse)
    i.lcdGoto                                0x00002f1c   Section        0  lcd_setup.o(i.lcdGoto)
    i.lcdLoadCustomCharacters                0x00002f44   Section        0  lcd_setup.o(i.lcdLoadCustomCharacters)
    i.lcdWriteChar                           0x0000305c   Section        0  lcd_setup.o(i.lcdWriteChar)
    i.lcdWriteCommand                        0x000030b0   Section        0  lcd_setup.o(i.lcdWriteCommand)
    i.lcdWriteHalfCommand                    0x00003104   Section        0  lcd_setup.o(i.lcdWriteHalfCommand)
    i.lcdWriteString                         0x00003138   Section        0  lcd_setup.o(i.lcdWriteString)
    i.lcd_Init                               0x00003150   Section        0  lcd_setup.o(i.lcd_Init)
    i.main                                   0x000031a4   Section        0  main.o(i.main)
    i.readKeypad                             0x000031c4   Section        0  keypad.o(i.readKeypad)
    i.run_all_tests                          0x00003648   Section        0  main.o(i.run_all_tests)
    .constdata                               0x00003768   Section      224  lcd_setup.o(.constdata)
    .conststring                             0x00003848   Section       67  main.o(.conststring)
    .data                                    0x20000000   Section       16  lcd_setup.o(.data)
    .data                                    0x20000010   Section        9  keypad.o(.data)
    .data                                    0x20000020   Section       52  calculations.o(.data)
    .data                                    0x20000054   Section       40  pin.o(.data)
    .data                                    0x2000007c   Section        4  stdout.o(.data)
    .bss                                     0x20000080   Section     2560  calculations.o(.bss)
    STACK                                    0x20000a80   Section      512  startup_tm4c123.o(STACK)

    Global Symbols

    Symbol Name                              Value     Ov Type        Size  Object(Section)

    BuildAttributes$$THM_ISAv4$E$P$D$K$B$S$7EM$VFPi3$EXTD16$VFPS$VFMA$PE$A:L22UL41UL21$X:L11$S22US41US21$IEEE1$IW$USESV6$~STKCKD$USESV7$~SHL$OSPACE$ROPI$EBA8$MICROLIB$REQ8$PRES8$EABIv2 0x00000000   Number         0  anon$$obj.o ABSOLUTE
    __ARM_use_no_argv                        0x00000000   Number         0  main.o ABSOLUTE
    __Vectors                                0x00000000   Data           4  startup_tm4c123.o(RESET)
    _printf_a                                0x00000000   Number         0  stubs.o ABSOLUTE
    _printf_c                                0x00000000   Number         0  stubs.o ABSOLUTE
    _printf_charcount                        0x00000000   Number         0  stubs.o ABSOLUTE
    _printf_d                                0x00000000   Number         0  stubs.o ABSOLUTE
    _printf_e                                0x00000000   Number         0  stubs.o ABSOLUTE
    _printf_f                                0x00000000   Number         0  stubs.o ABSOLUTE
    _printf_flags                            0x00000000   Number         0  stubs.o ABSOLUTE
    _printf_fp_dec                           0x00000000   Number         0  stubs.o ABSOLUTE
    _printf_fp_hex                           0x00000000   Number         0  stubs.o ABSOLUTE
    _printf_g                                0x00000000   Number         0  stubs.o ABSOLUTE
    _printf_i                                0x00000000   Number         0  stubs.o ABSOLUTE
    _printf_int_dec                          0x00000000   Number         0  stubs.o ABSOLUTE
    _printf_l                                0x00000000   Number         0  stubs.o ABSOLUTE
    _printf_lc                               0x00000000   Number         0  stubs.o ABSOLUTE
    _printf_ll                               0x00000000   Number         0  stubs.o ABSOLUTE
    _printf_lld                              0x00000000   Number         0  stubs.o ABSOLUTE
    _printf_lli                              0x00000000   Number         0  stubs.o ABSOLUTE
    _printf_llo                              0x00000000   Number         0  stubs.o ABSOLUTE
    _printf_llu                              0x00000000   Number         0  stubs.o ABSOLUTE
    _printf_llx                              0x00000000   Number         0  stubs.o ABSOLUTE
    _printf_longlong_dec                     0x00000000   Number         0  stubs.o ABSOLUTE
    _printf_longlong_hex                     0x00000000   Number         0  stubs.o ABSOLUTE
    _printf_longlong_oct                     0x00000000   Number         0  stubs.o ABSOLUTE
    _printf_ls                               0x00000000   Number         0  stubs.o ABSOLUTE
    _printf_mbtowc                           0x00000000   Number         0  stubs.o ABSOLUTE
    _printf_n                                0x00000000   Number         0  stubs.o ABSOLUTE
    _printf_o                                0x00000000   Number         0  stubs.o ABSOLUTE
    _printf_p                                0x00000000   Number         0  stubs.o ABSOLUTE
    _printf_percent                          0x00000000   Number         0  stubs.o ABSOLUTE
    _printf_pre_padding                      0x00000000   Number         0  stubs.o ABSOLUTE
    _printf_return_value                     0x00000000   Number         0  stubs.o ABSOLUTE
    _printf_s                                0x00000000   Number         0  stubs.o ABSOLUTE
    _printf_sizespec                         0x00000000   Number         0  stubs.o ABSOLUTE
    _printf_str                              0x00000000   Number         0  stubs.o ABSOLUTE
    _printf_truncate_signed                  0x00000000   Number         0  stubs.o ABSOLUTE
    _printf_truncate_unsigned                0x00000000   Number         0  stubs.o ABSOLUTE
    _printf_u                                0x00000000   Number         0  stubs.o ABSOLUTE
    _printf_wc                               0x00000000   Number         0  stubs.o ABSOLUTE
    _printf_wctomb                           0x00000000   Number         0  stubs.o ABSOLUTE
    _printf_widthprec                        0x00000000   Number         0  stubs.o ABSOLUTE
    _printf_x                                0x00000000   Number         0  stubs.o ABSOLUTE
    __cpp_initialize__aeabi_                  - Undefined Weak Reference
    __cxa_finalize                            - Undefined Weak Reference
    __decompress                              - Undefined Weak Reference
    _clock_init                               - Undefined Weak Reference
    _microlib_exit                            - Undefined Weak Reference
    __Vectors_End                            0x0000026c   Data           0  startup_tm4c123.o(RESET)
    __Vectors_Size                           0x0000026c   Number         0  startup_tm4c123.o ABSOLUTE
    __main                                   0x0000026d   Thumb Code     0  entry.o(.ARM.Collect$$$$00000000)
    _main_stk                                0x0000026d   Thumb Code     0  entry2.o(.ARM.Collect$$$$00000001)
    _main_scatterload                        0x00000271   Thumb Code     0  entry5.o(.ARM.Collect$$$$00000004)
    __main_after_scatterload                 0x00000275   Thumb Code     0  entry5.o(.ARM.Collect$$$$00000004)
    _main_clock                              0x00000275   Thumb Code     0  entry7b.o(.ARM.Collect$$$$00000008)
    _main_cpp_init                           0x00000275   Thumb Code     0  entry8b.o(.ARM.Collect$$$$0000000A)
    _main_init                               0x00000275   Thumb Code     0  entry9a.o(.ARM.Collect$$$$0000000B)
    __rt_final_cpp                           0x0000027d   Thumb Code     0  entry10a.o(.ARM.Collect$$$$0000000D)
    __rt_final_exit                          0x0000027d   Thumb Code     0  entry11a.o(.ARM.Collect$$$$0000000F)
    Reset_Handler                            0x00000281   Thumb Code     8  startup_tm4c123.o(.text)
    NMI_Handler                              0x00000289   Thumb Code     2  startup_tm4c123.o(.text)
    HardFault_Handler                        0x0000028b   Thumb Code     2  startup_tm4c123.o(.text)
    MemManage_Handler                        0x0000028d   Thumb Code     2  startup_tm4c123.o(.text)
    BusFault_Handler                         0x0000028f   Thumb Code     2  startup_tm4c123.o(.text)
    UsageFault_Handler                       0x00000291   Thumb Code     2  startup_tm4c123.o(.text)
    SVC_Handler                              0x00000293   Thumb Code     2  startup_tm4c123.o(.text)
    DebugMon_Handler                         0x00000295   Thumb Code     2  startup_tm4c123.o(.text)
    PendSV_Handler                           0x00000297   Thumb Code     2  startup_tm4c123.o(.text)
    SysTick_Handler                          0x00000299   Thumb Code     2  startup_tm4c123.o(.text)
    GPIOA_Handler                            0x0000029b   Thumb Code     2  startup_tm4c123.o(.text)
    GPIOB_Handler                            0x0000029d   Thumb Code     2  startup_tm4c123.o(.text)
    GPIOC_Handler                            0x0000029f   Thumb Code     2  startup_tm4c123.o(.text)
    GPIOD_Handler                            0x000002a1   Thumb Code     2  startup_tm4c123.o(.text)
    GPIOE_Handler                            0x000002a3   Thumb Code     2  startup_tm4c123.o(.text)
    UART0_Handler                            0x000002a5   Thumb Code     2  startup_tm4c123.o(.text)
    UART1_Handler                            0x000002a7   Thumb Code     2  startup_tm4c123.o(.text)
    SSI0_Handler                             0x000002a9   Thumb Code     2  startup_tm4c123.o(.text)
    I2C0_Handler                             0x000002ab   Thumb Code     2  startup_tm4c123.o(.text)
    PMW0_FAULT_Handler                       0x000002ad   Thumb Code     2  startup_tm4c123.o(.text)
    PWM0_0_Handler                           0x000002af   Thumb Code     2  startup_tm4c123.o(.text)
    PWM0_1_Handler                           0x000002b1   Thumb Code     2  startup_tm4c123.o(.text)
    PWM0_2_Handler                           0x000002b3   Thumb Code     2  startup_tm4c123.o(.text)
    QEI0_Handler                             0x000002b5   Thumb Code     2  startup_tm4c123.o(.text)
    ADC0SS0_Handler                          0x000002b7   Thumb Code     2  startup_tm4c123.o(.text)
    ADC0SS1_Handler                          0x000002b9   Thumb Code     2  startup_tm4c123.o(.text)
    ADC0SS2_Handler                          0x000002bb   Thumb Code     2  startup_tm4c123.o(.text)
    ADC0SS3_Handler                          0x000002bd   Thumb Code     2  startup_tm4c123.o(.text)
    WDT0_Handler                             0x000002bf   Thumb Code     2  startup_tm4c123.o(.text)
    TIMER0A_Handler                          0x000002c1   Thumb Code     2  startup_tm4c123.o(.text)
    TIMER0B_Handler                          0x000002c3   Thumb Code     2  startup_tm4c123.o(.text)
    TIMER1A_Handler                          0x000002c5   Thumb Code     2  startup_tm4c123.o(.text)
    TIMER1B_Handler                          0x000002c7   Thumb Code     2  startup_tm4c123.o(.text)
    TIMER2A_Handler                          0x000002c9   Thumb Code     2  startup_tm4c123.o(.text)
    TIMER2B_Handler                          0x000002cb   Thumb Code     2  startup_tm4c123.o(.text)
    COMP0_Handler                            0x000002cd   Thumb Code     2  startup_tm4c123.o(.text)
    COMP1_Handler                            0x000002cf   Thumb Code     2  startup_tm4c123.o(.text)
    COMP2_Handler                            0x000002d1   Thumb Code     2  startup_tm4c123.o(.text)
    SYSCTL_Handler                           0x000002d3   Thumb Code     2  startup_tm4c123.o(.text)
    FLASH_Handler                            0x000002d5   Thumb Code     2  startup_tm4c123.o(.text)
    GPIOF_Handler                            0x000002d7   Thumb Code     2  startup_tm4c123.o(.text)
    GPIOG_Handler                            0x000002d9   Thumb Code     2  startup_tm4c123.o(.text)
    GPIOH_Handler                            0x000002db   Thumb Code     2  startup_tm4c123.o(.text)
    UART2_Handler                            0x000002dd   Thumb Code     2  startup_tm4c123.o(.text)
    SSI1_Handler                             0x000002df   Thumb Code     2  startup_tm4c123.o(.text)
    TIMER3A_Handler                          0x000002e1   Thumb Code     2  startup_tm4c123.o(.text)
    TIMER3B_Handler                          0x000002e3   Thumb Code     2  startup_tm4c123.o(.text)
    I2C1_Handler                             0x000002e5   Thumb Code     2  startup_tm4c123.o(.text)
    QEI1_Handler                             0x000002e7   Thumb Code     2  startup_tm4c123.o(.text)
    CAN0_Handler                             0x000002e9   Thumb Code     2  startup_tm4c123.o(.text)
    CAN1_Handler                             0x000002eb   Thumb Code     2  startup_tm4c123.o(.text)
    CAN2_Handler                             0x000002ed   Thumb Code     2  startup_tm4c123.o(.text)
    HIB_Handler                              0x000002ef   Thumb Code     2  startup_tm4c123.o(.text)
    USB0_Handler                             0x000002f1   Thumb Code     2  startup_tm4c123.o(.text)
    PWM0_3_Handler                           0x000002f3   Thumb Code     2  startup_tm4c123.o(.text)
    UDMA_Handler                             0x000002f5   Thumb Code     2  startup_tm4c123.o(.text)
    UDMAERR_Handler                          0x000002f7   Thumb Code     2  startup_tm4c123.o(.text)
    ADC1SS0_Handler                          0x000002f9   Thumb Code     2  startup_tm4c123.o(.text)
    ADC1SS1_Handler                          0x000002fb   Thumb Code     2  startup_tm4c123.o(.text)
    ADC1SS2_Handler                          0x000002fd   Thumb Code     2  startup_tm4c123.o(.text)
    ADC1SS3_Handler                          0x000002ff   Thumb Code     2  startup_tm4c123.o(.text)
    GPIOJ_Handler                            0x00000301   Thumb Code     2  startup_tm4c123.o(.text)
    GPIOK_Handler                            0x00000303   Thumb Code     2  startup_tm4c123.o(.text)
    GPIOL_Handler                            0x00000305   Thumb Code     2  startup_tm4c123.o(.text)
    SSI2_Handler                             0x00000307   Thumb Code     2  startup_tm4c123.o(.text)
    SSI3_Handler                             0x00000309   Thumb Code     2  startup_tm4c123.o(.text)
    UART3_Handler                            0x0000030b   Thumb Code     2  startup_tm4c123.o(.text)
    UART4_Handler                            0x0000030d   Thumb Code     2  startup_tm4c123.o(.text)
    UART5_Handler                            0x0000030f   Thumb Code     2  startup_tm4c123.o(.text)
    UART6_Handler                            0x00000311   Thumb Code     2  startup_tm4c123.o(.text)
    UART7_Handler                            0x00000313   Thumb Code     2  startup_tm4c123.o(.text)
    I2C2_Handler                             0x00000315   Thumb Code     2  startup_tm4c123.o(.text)
    I2C3_Handler                             0x00000317   Thumb Code     2  startup_tm4c123.o(.text)
    TIMER4A_Handler                          0x00000319   Thumb Code     2  startup_tm4c123.o(.text)
    TIMER4B_Handler                          0x0000031b   Thumb Code     2  startup_tm4c123.o(.text)
    TIMER5A_Handler                          0x0000031d   Thumb Code     2  startup_tm4c123.o(.text)
    TIMER5B_Handler                          0x0000031f   Thumb Code     2  startup_tm4c123.o(.text)
    WTIMER0A_Handler                         0x00000321   Thumb Code     2  startup_tm4c123.o(.text)
    WTIMER0B_Handler                         0x00000323   Thumb Code     2  startup_tm4c123.o(.text)
    WTIMER1A_Handler                         0x00000325   Thumb Code     2  startup_tm4c123.o(.text)
    WTIMER1B_Handler                         0x00000327   Thumb Code     2  startup_tm4c123.o(.text)
    WTIMER2A_Handler                         0x00000329   Thumb Code     2  startup_tm4c123.o(.text)
    WTIMER2B_Handler                         0x0000032b   Thumb Code     2  startup_tm4c123.o(.text)
    WTIMER3A_Handler                         0x0000032d   Thumb Code     2  startup_tm4c123.o(.text)
    WTIMER3B_Handler                         0x0000032f   Thumb Code     2  startup_tm4c123.o(.text)
    WTIMER4A_Handler                         0x00000331   Thumb Code     2  startup_tm4c123.o(.text)
    WTIMER4B_Handler                         0x00000333   Thumb Code     2  startup_tm4c123.o(.text)
    WTIMER5A_Handler                         0x00000335   Thumb Code     2  startup_tm4c123.o(.text)
    WTIMER5B_Handler                         0x00000337   Thumb Code     2  startup_tm4c123.o(.text)
    FPU_Handler                              0x00000339   Thumb Code     2  startup_tm4c123.o(.text)
    I2C4_Handler                             0x0000033b   Thumb Code     2  startup_tm4c123.o(.text)
    I2C5_Handler                             0x0000033d   Thumb Code     2  startup_tm4c123.o(.text)
    GPIOM_Handler                            0x0000033f   Thumb Code     2  startup_tm4c123.o(.text)
    GPION_Handler                            0x00000341   Thumb Code     2  startup_tm4c123.o(.text)
    QEI2_Handler                             0x00000343   Thumb Code     2  startup_tm4c123.o(.text)
    GPIOP0_Handler                           0x00000345   Thumb Code     2  startup_tm4c123.o(.text)
    GPIOP1_Handler                           0x00000347   Thumb Code     2  startup_tm4c123.o(.text)
    GPIOP2_Handler                           0x00000349   Thumb Code     2  startup_tm4c123.o(.text)
    GPIOP3_Handler                           0x0000034b   Thumb Code     2  startup_tm4c123.o(.text)
    GPIOP4_Handler                           0x0000034d   Thumb Code     2  startup_tm4c123.o(.text)
    GPIOP5_Handler                           0x0000034f   Thumb Code     2  startup_tm4c123.o(.text)
    GPIOP6_Handler                           0x00000351   Thumb Code     2  startup_tm4c123.o(.text)
    GPIOP7_Handler                           0x00000353   Thumb Code     2  startup_tm4c123.o(.text)
    GPIOQ0_Handler                           0x00000355   Thumb Code     2  startup_tm4c123.o(.text)
    GPIOQ1_Handler                           0x00000357   Thumb Code     2  startup_tm4c123.o(.text)
    GPIOQ2_Handler                           0x00000359   Thumb Code     2  startup_tm4c123.o(.text)
    GPIOQ3_Handler                           0x0000035b   Thumb Code     2  startup_tm4c123.o(.text)
    GPIOQ4_Handler                           0x0000035d   Thumb Code     2  startup_tm4c123.o(.text)
    GPIOQ5_Handler                           0x0000035f   Thumb Code     2  startup_tm4c123.o(.text)
    GPIOQ6_Handler                           0x00000361   Thumb Code     2  startup_tm4c123.o(.text)
    GPIOQ7_Handler                           0x00000363   Thumb Code     2  startup_tm4c123.o(.text)
    GPIOR_Handler                            0x00000365   Thumb Code     2  startup_tm4c123.o(.text)
    GPIOS_Handler                            0x00000367   Thumb Code     2  startup_tm4c123.o(.text)
    PMW1_0_Handler                           0x00000369   Thumb Code     2  startup_tm4c123.o(.text)
    PWM1_1_Handler                           0x0000036b   Thumb Code     2  startup_tm4c123.o(.text)
    PWM1_2_Handler                           0x0000036d   Thumb Code     2  startup_tm4c123.o(.text)
    PWM1_3_Handler                           0x0000036f   Thumb Code     2  startup_tm4c123.o(.text)
    PWM1_FAULT_Handler                       0x00000371   Thumb Code     2  startup_tm4c123.o(.text)
    __aeabi_memcpy                           0x0000037d   Thumb Code    36  memcpya.o(.text)
    __aeabi_memcpy4                          0x0000037d   Thumb Code     0  memcpya.o(.text)
    __aeabi_memcpy8                          0x0000037d   Thumb Code     0  memcpya.o(.text)
    __aeabi_dadd                             0x000003a1   Thumb Code   322  dadd.o(.text)
    __aeabi_dsub                             0x000004e3   Thumb Code     6  dadd.o(.text)
    __aeabi_drsub                            0x000004e9   Thumb Code     6  dadd.o(.text)
    __aeabi_dmul                             0x000004ef   Thumb Code   228  dmul.o(.text)
    __aeabi_ddiv                             0x000005d3   Thumb Code   222  ddiv.o(.text)
    __aeabi_ui2d                             0x000006b1   Thumb Code    26  dfltui.o(.text)
    __aeabi_cdcmpeq                          0x000006cd   Thumb Code     0  cdcmple.o(.text)
    __aeabi_cdcmple                          0x000006cd   Thumb Code    48  cdcmple.o(.text)
    __aeabi_uidiv                            0x000006fd   Thumb Code     0  uidiv.o(.text)
    __aeabi_uidivmod                         0x000006fd   Thumb Code    44  uidiv.o(.text)
    __aeabi_uldivmod                         0x00000729   Thumb Code    98  uldiv.o(.text)
    __aeabi_llsl                             0x0000078b   Thumb Code    30  llshl.o(.text)
    _ll_shift_l                              0x0000078b   Thumb Code     0  llshl.o(.text)
    __aeabi_lasr                             0x000007a9   Thumb Code    36  llsshr.o(.text)
    _ll_sshift_r                             0x000007a9   Thumb Code     0  llsshr.o(.text)
    __I$use$fp                               0x000007cd   Thumb Code     0  iusefp.o(.text)
    _double_round                            0x000007cd   Thumb Code    30  depilogue.o(.text)
    _double_epilogue                         0x000007eb   Thumb Code   156  depilogue.o(.text)
    __aeabi_d2ulz                            0x00000887   Thumb Code    48  dfixul.o(.text)
    __aeabi_cdrcmple                         0x000008b9   Thumb Code    48  cdrcmple.o(.text)
    __scatterload                            0x000008e9   Thumb Code    28  init.o(.text)
    __scatterload_rt2                        0x000008e9   Thumb Code     0  init.o(.text)
    __aeabi_llsr                             0x0000090d   Thumb Code    32  llushr.o(.text)
    _ll_ushift_r                             0x0000090d   Thumb Code     0  llushr.o(.text)
    All_Init                                 0x0000092d   Thumb Code    56  main.o(i.All_Init)
    Calc_Init                                0x00000965   Thumb Code    18  calculations.o(i.Calc_Init)
    Calculations                             0x00000989   Thumb Code  2034  calculations.o(i.Calculations)
    EEPROM_Done_Check                        0x0000121d   Thumb Code    36  pin.o(i.EEPROM_Done_Check)
    EEPROM_Init                              0x00001269   Thumb Code   120  pin.o(i.EEPROM_Init)
    EEPROM_READ                              0x000012f5   Thumb Code    18  pin.o(i.EEPROM_READ)
    EEPROM_WRITE                             0x0000131d   Thumb Code    36  pin.o(i.EEPROM_WRITE)
    Get_Value                                0x00001379   Thumb Code   296  calculations.o(i.Get_Value)
    Keypad_Init                              0x000014d5   Thumb Code    12  keypad.o(i.Keypad_Init)
    Keypad_Test                              0x000014e9   Thumb Code   358  main.o(i.Keypad_Test)
    LCD_Test                                 0x00001819   Thumb Code   148  main.o(i.LCD_Test)
    Loading_Screen_Animated                  0x00001955   Thumb Code   262  animations.o(i.Loading_Screen_Animated)
    PIN_Change                               0x00001a99   Thumb Code   320  pin.o(i.PIN_Change)
    PIN_Init                                 0x00001c6d   Thumb Code    42  pin.o(i.PIN_Init)
    PIN_Test                                 0x00001cc1   Thumb Code   182  main.o(i.PIN_Test)
    PLL_Init                                 0x00001e59   Thumb Code   108  pll.o(i.PLL_Init)
    PortA_init                               0x00001ec9   Thumb Code   116  port_init.o(i.PortA_init)
    PortB_init                               0x00001f4d   Thumb Code   116  port_init.o(i.PortB_init)
    PortD_init                               0x00001fd1   Thumb Code   122  port_init.o(i.PortD_init)
    PortE_init                               0x00002061   Thumb Code   120  port_init.o(i.PortE_init)
    PortF_init                               0x000020e9   Thumb Code    76  port_init.o(i.PortF_init)
    ReadValue                                0x00002149   Thumb Code    76  keypad.o(i.ReadValue)
    Request_PIN                              0x00002199   Thumb Code   276  pin.o(i.Request_PIN)
    ResetAnswer                              0x00002309   Thumb Code    12  keypad.o(i.ResetAnswer)
    Reset_Calc                               0x0000231d   Thumb Code   134  calculations.o(i.Reset_Calc)
    SysTick_Init                             0x000023f1   Thumb Code    24  pll.o(i.SysTick_Init)
    SysTick_Wait                             0x00002409   Thumb Code    30  pll.o(i.SysTick_Wait)
    SysTick_Wait_1us                         0x00002427   Thumb Code    22  pll.o(i.SysTick_Wait_1us)
    SysTick_Wait_50ns                        0x0000243d   Thumb Code    22  pll.o(i.SysTick_Wait_50ns)
    SystemInit                               0x00002455   Thumb Code    14  system_tm4c123.o(i.SystemInit)
    Testing                                  0x00002469   Thumb Code    90  main.o(i.Testing)
    UART_Init                                0x00002505   Thumb Code   118  uart.o(i.UART_Init)
    UART_OutChar                             0x00002591   Thumb Code    20  uart.o(i.UART_OutChar)
    __0printf                                0x000025a9   Thumb Code    22  printfa.o(i.__0printf)
    __1printf                                0x000025a9   Thumb Code     0  printfa.o(i.__0printf)
    __2printf                                0x000025a9   Thumb Code     0  printfa.o(i.__0printf)
    __c89printf                              0x000025a9   Thumb Code     0  printfa.o(i.__0printf)
    printf                                   0x000025a9   Thumb Code     0  printfa.o(i.__0printf)
    __0sprintf                               0x000025c9   Thumb Code    34  printfa.o(i.__0sprintf)
    __1sprintf                               0x000025c9   Thumb Code     0  printfa.o(i.__0sprintf)
    __2sprintf                               0x000025c9   Thumb Code     0  printfa.o(i.__0sprintf)
    __c89sprintf                             0x000025c9   Thumb Code     0  printfa.o(i.__0sprintf)
    sprintf                                  0x000025c9   Thumb Code     0  printfa.o(i.__0sprintf)
    __scatterload_copy                       0x000025f1   Thumb Code    14  handlers.o(i.__scatterload_copy)
    __scatterload_null                       0x000025ff   Thumb Code     2  handlers.o(i.__scatterload_null)
    __scatterload_zeroinit                   0x00002601   Thumb Code    14  handlers.o(i.__scatterload_zeroinit)
    fputc                                    0x00002ecd   Thumb Code    44  uart.o(i.fputc)
    lcdClearScreen                           0x00002ef9   Thumb Code    10  lcd_setup.o(i.lcdClearScreen)
    lcdENpulse                               0x00002f03   Thumb Code    26  lcd_setup.o(i.lcdENpulse)
    lcdGoto                                  0x00002f1d   Thumb Code    38  lcd_setup.o(i.lcdGoto)
    lcdLoadCustomCharacters                  0x00002f45   Thumb Code   266  lcd_setup.o(i.lcdLoadCustomCharacters)
    lcdWriteChar                             0x0000305d   Thumb Code    70  lcd_setup.o(i.lcdWriteChar)
    lcdWriteCommand                          0x000030b1   Thumb Code    70  lcd_setup.o(i.lcdWriteCommand)
    lcdWriteHalfCommand                      0x00003105   Thumb Code    44  lcd_setup.o(i.lcdWriteHalfCommand)
    lcdWriteString                           0x00003139   Thumb Code    22  lcd_setup.o(i.lcdWriteString)
    lcd_Init                                 0x00003151   Thumb Code    76  lcd_setup.o(i.lcd_Init)
    main                                     0x000031a5   Thumb Code    30  main.o(i.main)
    readKeypad                               0x000031c5   Thumb Code   746  keypad.o(i.readKeypad)
    run_all_tests                            0x00003649   Thumb Code   134  main.o(i.run_all_tests)
    Region$$Table$$Base                      0x0000388c   Number         0  anon$$obj.o(Region$$Table)
    Region$$Table$$Limit                     0x000038ac   Number         0  anon$$obj.o(Region$$Table)
    uppernibble                              0x20000000   Data           1  lcd_setup.o(.data)
    lowernibble                              0x20000001   Data           1  lcd_setup.o(.data)
    uppernibble2                             0x20000002   Data           1  lcd_setup.o(.data)
    uppernibble3                             0x20000003   Data           1  lcd_setup.o(.data)
    lowernibble3                             0x20000004   Data           1  lcd_setup.o(.data)
    PB                                       0x20000008   Data           4  lcd_setup.o(.data)
    EN                                       0x2000000c   Data           4  lcd_setup.o(.data)
    Answer                                   0x20000010   Data           4  keypad.o(.data)
    oldAns                                   0x20000014   Data           4  keypad.o(.data)
    Out                                      0x20000018   Data           1  keypad.o(.data)
    Value                                    0x20000020   Data           8  calculations.o(.data)
    input                                    0x20000028   Data           1  calculations.o(.data)
    input2                                   0x20000029   Data           1  calculations.o(.data)
    input3                                   0x2000002a   Data           1  calculations.o(.data)
    i                                        0x2000002c   Data           4  calculations.o(.data)
    j                                        0x20000030   Data           4  calculations.o(.data)
    k                                        0x20000034   Data           4  calculations.o(.data)
    l                                        0x20000038   Data           4  calculations.o(.data)
    m                                        0x2000003c   Data           4  calculations.o(.data)
    Total_Value                              0x20000040   Data           8  calculations.o(.data)
    F_Value                                  0x20000048   Data           8  calculations.o(.data)
    value_change_flag                        0x20000050   Data           4  calculations.o(.data)
    PIN                                      0x20000054   Data           4  pin.o(.data)
    ExpectedPIN                              0x20000058   Data           4  pin.o(.data)
    PINEntered                               0x2000005c   Data           4  pin.o(.data)
    NewPINEntered                            0x20000060   Data           4  pin.o(.data)
    AcceptPIN                                0x20000064   Data           4  pin.o(.data)
    eedone                                   0x20000068   Data           4  pin.o(.data)
    eesupp                                   0x2000006c   Data           4  pin.o(.data)
    eeread                                   0x20000070   Data           4  pin.o(.data)
    PINString                                0x20000074   Data           8  pin.o(.data)
    __stdout                                 0x2000007c   Data           4  stdout.o(.data)
    TString                                  0x20000080   Data          50  calculations.o(.bss)
    SumArray                                 0x200000b8   Data         800  calculations.o(.bss)
    SignArray                                0x200003d8   Data         100  calculations.o(.bss)
    MultipleArray                            0x20000440   Data         800  calculations.o(.bss)
    DivideArray                              0x20000760   Data         800  calculations.o(.bss)
    __initial_sp                             0x20000c80   Data           0  startup_tm4c123.o(STACK)



==============================================================================

Memory Map of the image

  Image Entry point : 0x00000281

  Load Region LR_1 (Base: 0x00000000, Size: 0x0000392c, Max: 0xffffffff, ABSOLUTE)

    Execution Region ER_RO (Exec base: 0x00000000, Load base: 0x00000000, Size: 0x000038ac, Max: 0xffffffff, ABSOLUTE)

    Exec Addr    Load Addr    Size         Type   Attr      Idx    E Section Name        Object

    0x00000000   0x00000000   0x0000026c   Data   RO          428    RESET               startup_tm4c123.o
    0x0000026c   0x0000026c   0x00000000   Code   RO          500  * .ARM.Collect$$$$00000000  mc_w.l(entry.o)
    0x0000026c   0x0000026c   0x00000004   Code   RO          778    .ARM.Collect$$$$00000001  mc_w.l(entry2.o)
    0x00000270   0x00000270   0x00000004   Code   RO          781    .ARM.Collect$$$$00000004  mc_w.l(entry5.o)
    0x00000274   0x00000274   0x00000000   Code   RO          783    .ARM.Collect$$$$00000008  mc_w.l(entry7b.o)
    0x00000274   0x00000274   0x00000000   Code   RO          785    .ARM.Collect$$$$0000000A  mc_w.l(entry8b.o)
    0x00000274   0x00000274   0x00000008   Code   RO          786    .ARM.Collect$$$$0000000B  mc_w.l(entry9a.o)
    0x0000027c   0x0000027c   0x00000000   Code   RO          788    .ARM.Collect$$$$0000000D  mc_w.l(entry10a.o)
    0x0000027c   0x0000027c   0x00000000   Code   RO          790    .ARM.Collect$$$$0000000F  mc_w.l(entry11a.o)
    0x0000027c   0x0000027c   0x00000004   Code   RO          779    .ARM.Collect$$$$00002712  mc_w.l(entry2.o)
    0x00000280   0x00000280   0x000000fc   Code   RO          429  * .text               startup_tm4c123.o
    0x0000037c   0x0000037c   0x00000024   Code   RO          503    .text               mc_w.l(memcpya.o)
    0x000003a0   0x000003a0   0x0000014e   Code   RO          768    .text               mf_w.l(dadd.o)
    0x000004ee   0x000004ee   0x000000e4   Code   RO          770    .text               mf_w.l(dmul.o)
    0x000005d2   0x000005d2   0x000000de   Code   RO          772    .text               mf_w.l(ddiv.o)
    0x000006b0   0x000006b0   0x0000001a   Code   RO          774    .text               mf_w.l(dfltui.o)
    0x000006ca   0x000006ca   0x00000002   PAD
    0x000006cc   0x000006cc   0x00000030   Code   RO          776    .text               mf_w.l(cdcmple.o)
    0x000006fc   0x000006fc   0x0000002c   Code   RO          793    .text               mc_w.l(uidiv.o)
    0x00000728   0x00000728   0x00000062   Code   RO          795    .text               mc_w.l(uldiv.o)
    0x0000078a   0x0000078a   0x0000001e   Code   RO          797    .text               mc_w.l(llshl.o)
    0x000007a8   0x000007a8   0x00000024   Code   RO          799    .text               mc_w.l(llsshr.o)
    0x000007cc   0x000007cc   0x00000000   Code   RO          801    .text               mc_w.l(iusefp.o)
    0x000007cc   0x000007cc   0x000000ba   Code   RO          802    .text               mf_w.l(depilogue.o)
    0x00000886   0x00000886   0x00000030   Code   RO          804    .text               mf_w.l(dfixul.o)
    0x000008b6   0x000008b6   0x00000002   PAD
    0x000008b8   0x000008b8   0x00000030   Code   RO          806    .text               mf_w.l(cdrcmple.o)
    0x000008e8   0x000008e8   0x00000024   Code   RO          808    .text               mc_w.l(init.o)
    0x0000090c   0x0000090c   0x00000020   Code   RO          810    .text               mc_w.l(llushr.o)
    0x0000092c   0x0000092c   0x00000038   Code   RO            1    i.All_Init          main.o
    0x00000964   0x00000964   0x00000024   Code   RO          314    i.Calc_Init         calculations.o
    0x00000988   0x00000988   0x00000894   Code   RO          315    i.Calculations      calculations.o
    0x0000121c   0x0000121c   0x0000004c   Code   RO          351    i.EEPROM_Done_Check  pin.o
    0x00001268   0x00001268   0x0000008c   Code   RO          352    i.EEPROM_Init       pin.o
    0x000012f4   0x000012f4   0x00000028   Code   RO          353    i.EEPROM_READ       pin.o
    0x0000131c   0x0000131c   0x0000005c   Code   RO          354    i.EEPROM_WRITE      pin.o
    0x00001378   0x00001378   0x0000015c   Code   RO          316    i.Get_Value         calculations.o
    0x000014d4   0x000014d4   0x00000014   Code   RO          275    i.Keypad_Init       keypad.o
    0x000014e8   0x000014e8   0x00000330   Code   RO            2    i.Keypad_Test       main.o
    0x00001818   0x00001818   0x0000013c   Code   RO            3    i.LCD_Test          main.o
    0x00001954   0x00001954   0x00000144   Code   RO          404    i.Loading_Screen_Animated  animations.o
    0x00001a98   0x00001a98   0x000001d4   Code   RO          355    i.PIN_Change        pin.o
    0x00001c6c   0x00001c6c   0x00000054   Code   RO          356    i.PIN_Init          pin.o
    0x00001cc0   0x00001cc0   0x00000198   Code   RO            4    i.PIN_Test          main.o
    0x00001e58   0x00001e58   0x00000070   Code   RO           94    i.PLL_Init          pll.o
    0x00001ec8   0x00001ec8   0x00000084   Code   RO          197    i.PortA_init        port_init.o
    0x00001f4c   0x00001f4c   0x00000084   Code   RO          198    i.PortB_init        port_init.o
    0x00001fd0   0x00001fd0   0x00000090   Code   RO          199    i.PortD_init        port_init.o
    0x00002060   0x00002060   0x00000088   Code   RO          200    i.PortE_init        port_init.o
    0x000020e8   0x000020e8   0x00000060   Code   RO          201    i.PortF_init        port_init.o
    0x00002148   0x00002148   0x00000050   Code   RO          276    i.ReadValue         keypad.o
    0x00002198   0x00002198   0x00000170   Code   RO          357    i.Request_PIN       pin.o
    0x00002308   0x00002308   0x00000014   Code   RO          277    i.ResetAnswer       keypad.o
    0x0000231c   0x0000231c   0x000000d4   Code   RO          317    i.Reset_Calc        calculations.o
    0x000023f0   0x000023f0   0x00000018   Code   RO           95    i.SysTick_Init      pll.o
    0x00002408   0x00002408   0x0000001e   Code   RO           96    i.SysTick_Wait      pll.o
    0x00002426   0x00002426   0x00000016   Code   RO           97    i.SysTick_Wait_1us  pll.o
    0x0000243c   0x0000243c   0x00000016   Code   RO           98    i.SysTick_Wait_50ns  pll.o
    0x00002452   0x00002452   0x00000002   PAD
    0x00002454   0x00002454   0x00000014   Code   RO          438    i.SystemInit        system_tm4c123.o
    0x00002468   0x00002468   0x0000009c   Code   RO            5    i.Testing           main.o
    0x00002504   0x00002504   0x0000008c   Code   RO          234    i.UART_Init         uart.o
    0x00002590   0x00002590   0x00000018   Code   RO          235    i.UART_OutChar      uart.o
    0x000025a8   0x000025a8   0x00000020   Code   RO          740    i.__0printf         mc_w.l(printfa.o)
    0x000025c8   0x000025c8   0x00000028   Code   RO          742    i.__0sprintf        mc_w.l(printfa.o)
    0x000025f0   0x000025f0   0x0000000e   Code   RO          814    i.__scatterload_copy  mc_w.l(handlers.o)
    0x000025fe   0x000025fe   0x00000002   Code   RO          815    i.__scatterload_null  mc_w.l(handlers.o)
    0x00002600   0x00002600   0x0000000e   Code   RO          816    i.__scatterload_zeroinit  mc_w.l(handlers.o)
    0x0000260e   0x0000260e   0x00000002   PAD
    0x00002610   0x00002610   0x00000184   Code   RO          747    i._fp_digits        mc_w.l(printfa.o)
    0x00002794   0x00002794   0x000006dc   Code   RO          748    i._printf_core      mc_w.l(printfa.o)
    0x00002e70   0x00002e70   0x00000024   Code   RO          749    i._printf_post_padding  mc_w.l(printfa.o)
    0x00002e94   0x00002e94   0x0000002e   Code   RO          750    i._printf_pre_padding  mc_w.l(printfa.o)
    0x00002ec2   0x00002ec2   0x0000000a   Code   RO          752    i._sputc            mc_w.l(printfa.o)
    0x00002ecc   0x00002ecc   0x0000002c   Code   RO          238    i.fputc             uart.o
    0x00002ef8   0x00002ef8   0x0000000a   Code   RO          130    i.lcdClearScreen    lcd_setup.o
    0x00002f02   0x00002f02   0x0000001a   Code   RO          131    i.lcdENpulse        lcd_setup.o
    0x00002f1c   0x00002f1c   0x00000026   Code   RO          132    i.lcdGoto           lcd_setup.o
    0x00002f42   0x00002f42   0x00000002   PAD
    0x00002f44   0x00002f44   0x00000118   Code   RO          133    i.lcdLoadCustomCharacters  lcd_setup.o
    0x0000305c   0x0000305c   0x00000054   Code   RO          134    i.lcdWriteChar      lcd_setup.o
    0x000030b0   0x000030b0   0x00000054   Code   RO          135    i.lcdWriteCommand   lcd_setup.o
    0x00003104   0x00003104   0x00000034   Code   RO          136    i.lcdWriteHalfCommand  lcd_setup.o
    0x00003138   0x00003138   0x00000016   Code   RO          137    i.lcdWriteString    lcd_setup.o
    0x0000314e   0x0000314e   0x00000002   PAD
    0x00003150   0x00003150   0x00000054   Code   RO          138    i.lcd_Init          lcd_setup.o
    0x000031a4   0x000031a4   0x0000001e   Code   RO            6    i.main              main.o
    0x000031c2   0x000031c2   0x00000002   PAD
    0x000031c4   0x000031c4   0x00000484   Code   RO          278    i.readKeypad        keypad.o
    0x00003648   0x00003648   0x00000120   Code   RO            7    i.run_all_tests     main.o
    0x00003768   0x00003768   0x000000e0   Data   RO          139    .constdata          lcd_setup.o
    0x00003848   0x00003848   0x00000043   Data   RO            8    .conststring        main.o
    0x0000388b   0x0000388b   0x00000001   PAD
    0x0000388c   0x0000388c   0x00000020   Data   RO          812    Region$$Table       anon$$obj.o


    Execution Region ER_RW (Exec base: 0x20000000, Load base: 0x000038ac, Size: 0x00000080, Max: 0xffffffff, ABSOLUTE)

    Exec Addr    Load Addr    Size         Type   Attr      Idx    E Section Name        Object

    0x20000000   0x000038ac   0x00000010   Data   RW          140    .data               lcd_setup.o
    0x20000010   0x000038bc   0x00000009   Data   RW          279    .data               keypad.o
    0x20000019   0x000038c5   0x00000007   PAD
    0x20000020   0x000038cc   0x00000034   Data   RW          319    .data               calculations.o
    0x20000054   0x00003900   0x00000028   Data   RW          358    .data               pin.o
    0x2000007c   0x00003928   0x00000004   Data   RW          792    .data               mc_w.l(stdout.o)


    Execution Region ER_ZI (Exec base: 0x20000080, Load base: 0x0000392c, Size: 0x00000c00, Max: 0xffffffff, ABSOLUTE)

    Exec Addr    Load Addr    Size         Type   Attr      Idx    E Section Name        Object

    0x20000080        -       0x00000a00   Zero   RW          318    .bss                calculations.o
    0x20000a80        -       0x00000200   Zero   RW          426    STACK               startup_tm4c123.o


==============================================================================

Image component sizes


      Code (inc. data)   RO Data    RW Data    ZI Data      Debug   Object Name

       324         62          0          0          0        738   animations.o
      2792        626          0         52       2560       4121   calculations.o
      1276        430          0          9          0       2741   keypad.o
       680         58        224         16          0       5664   lcd_setup.o
      2070       1072         67          0          0       7056   main.o
      1268        420          0         40          0       4717   pin.o
       210          4          0          0          0       2488   pll.o
       640         90          0          0          0       2629   port_init.o
       252         10        620          0        512       5468   startup_tm4c123.o
        20          6          0          0          0        493   system_tm4c123.o
       208         26          0          0          0       1555   uart.o

    ----------------------------------------------------------------------
      9748       2804        944        124       3072      37670   Object Totals
         0          0         32          0          0          0   (incl. Generated)
         8          0          1          7          0          0   (incl. Padding)

    ----------------------------------------------------------------------

      Code (inc. data)   RO Data    RW Data    ZI Data      Debug   Library Member Name

         0          0          0          0          0          0   entry.o
         0          0          0          0          0          0   entry10a.o
         0          0          0          0          0          0   entry11a.o
         8          4          0          0          0          0   entry2.o
         4          0          0          0          0          0   entry5.o
         0          0          0          0          0          0   entry7b.o
         0          0          0          0          0          0   entry8b.o
         8          4          0          0          0          0   entry9a.o
        30          0          0          0          0          0   handlers.o
        36          8          0          0          0         68   init.o
         0          0          0          0          0          0   iusefp.o
        30          0          0          0          0         68   llshl.o
        36          0          0          0          0         68   llsshr.o
        32          0          0          0          0         68   llushr.o
        36          0          0          0          0         68   memcpya.o
      2308         96          0          0          0        604   printfa.o
         0          0          0          4          0          0   stdout.o
        44          0          0          0          0         80   uidiv.o
        98          0          0          0          0         92   uldiv.o
        48          0          0          0          0         68   cdcmple.o
        48          0          0          0          0         68   cdrcmple.o
       334          0          0          0          0        148   dadd.o
       222          0          0          0          0        100   ddiv.o
       186          0          0          0          0        176   depilogue.o
        48          0          0          0          0         68   dfixul.o
        26          0          0          0          0         76   dfltui.o
       228          0          0          0          0         96   dmul.o

    ----------------------------------------------------------------------
      3816        112          0          4          0       1916   Library Totals
         6          0          0          0          0          0   (incl. Padding)

    ----------------------------------------------------------------------

      Code (inc. data)   RO Data    RW Data    ZI Data      Debug   Library Name

      2670        112          0          4          0       1116   mc_w.l
      1140          0          0          0          0        800   mf_w.l

    ----------------------------------------------------------------------
      3816        112          0          4          0       1916   Library Totals

    ----------------------------------------------------------------------

==============================================================================


      Code (inc. data)   RO Data    RW Data    ZI Data      Debug   

     13564       2916        944        128       3072      34950   Grand Totals
     13564       2916        944        128       3072      34950   ELF Image Totals
     13564       2916        944        128          0          0   ROM Totals

==============================================================================

    Total RO  Size (Code + RO Data)                14508 (  14.17kB)
    Total RW  Size (RW Data + ZI Data)              3200 (   3.13kB)
    Total ROM Size (Code + RO Data + RW Data)      14636 (  14.29kB)

==============================================================================

